******************************************************************************
                  TI ARM Linker PC v18.12.2                    
******************************************************************************
>> Linked Mon Jan 13 13:59:18 2020

OUTPUT FILE NAME:   <httpget_TIVA4C.out>
ENTRY POINT SYMBOL: "_c_int00"  address: 000123fd


MEMORY CONFIGURATION

         name            origin    length      used     unused   attr    fill
----------------------  --------  ---------  --------  --------  ----  --------
  FLASH                 00000000   00100000  00019fe7  000e6019  R  X
  SRAM                  20000000   00040000  00010d56  0002f2aa  RW X


SEGMENT ALLOCATION MAP

run origin  load origin   length   init length attrs members
----------  ----------- ---------- ----------- ----- -------
00000000    00000000    00019ff0   00019ff0    r-x
  00000000    00000000    0000003c   0000003c    r-- .resetVecs
  00000040    00000040    000171ba   000171ba    r-x .text
  000171fc    000171fc    000028f1   000028f1    r-- .const
  00019af0    00019af0    00000500   00000500    r-- .cinit
20000000    20000000    00000360   00000000    rw-
  20000000    20000000    00000360   00000000    rw- .vecs
20000380    20000380    000109f8   00000000    rw-
  20000380    20000380    0000f7e2   00000000    rw- .bss
  2000fb64    2000fb64    00000a14   00000000    rw- .data
  20010578    20010578    00000800   00000000    rw- .stack


SECTION ALLOCATION MAP

 output                                  attributes/
section   page    origin      length       input sections
--------  ----  ----------  ----------   ----------------
.text      0    00000040    000171ba     
                  00000040    00000c68     stk.aem4f : tcpin.oem4f (.text:TcpInput)
                  00000ca8    00000a4e     rtsv7M4_T_le_v4SPD16_eabi.lib : _printfi.c.obj (.text:__TI_printfi)
                  000016f6    00000002     hal_userled_stub.aem4f : llled.oem4f (.text:LED_TOGGLE)
                  000016f8    000008b8     stk.aem4f : tcpout.oem4f (.text:TcpOutput)
                  00001fb0    00000590     httpget.obj (.text:httpTask)
                  00002540    0000058c     rtsv7M4_T_le_v4SPD16_eabi.lib : e_powf.c.obj (.text:powf)
                  00002acc    00000004     stk.aem4f : bind.oem4f (.text:BindGetIF)
                  00002ad0    00000430     sysbios.aem4f : BIOS.obj (.text:ti_sysbios_family_arm_m3_Hwi_excDumpRegs__I)
                  00002f00    00000408     stk.aem4f : ipout.oem4f (.text:IPTxPacket)
                  00003308    00000384               : ipin.oem4f (.text:IPRxPacket)
                  0000368c    00000372     nettool_ipv4.aem4f : dnscomn.oem4f (.text:DNSResolveByName)
                  000039fe    00000002     stk.aem4f : nat.oem4f (.text:NatMsg)
                  00003a00    00000354     httpget.obj (.text:BMP180_getPressure)
                  00003d54    0000034c     ti.targets.arm.rtsarm.aem4f : System.oem4f (.text:xdc_runtime_System_doPrint__I)
                  000040a0    000002fe     nettool_ipv4.aem4f : dnscomn.oem4f (.text:DNSResolveByAddr)
                  0000439e    00000002     os.aem4f : task.oem4f (.text:_TaskInit)
                  000043a0    000002f8     nettool_ipv4.aem4f : inetaddr.oem4f (.text:getaddrinfo)
                  00004698    000002da                        : dnscomn.oem4f (.text:DNSResolveByNS)
                  00004972    00000002     os.aem4f : task.oem4f (.text:_TaskShutdown)
                  00004974    00000284     stk.aem4f : sock.oem4f (.text:SockSet)
                  00004bf8    00000270     rtsv7M4_T_le_v4SPD16_eabi.lib : _printfi.c.obj (.text:_pconv_a)
                  00004e68    0000024c     stk.aem4f : ipfrag.oem4f (.text:IPReasm)
                  000050b4    0000023c               : icmpin.oem4f (.text:ICMPInput)
                  000052f0    00000238               : udp.oem4f (.text:UdpInput)
                  00005528    00000204     Boot.aem4f : Boot_sysctl.oem4f (.text:ti_catalog_arm_cortexm4_tiva_ce_Boot_sysCtlClockFreqSetI__I)
                  0000572c    000001f4     stk.aem4f : sock.oem4f (.text:SockRecv)
                  00005920    000001f4     sysbios.aem4f : BIOS.obj (.text:ti_sysbios_family_arm_m3_Hwi_excHandlerMax__I)
                  00005b14    000001d0     rtsv7M4_T_le_v4SPD16_eabi.lib : _printfi.c.obj (.text:_pconv_g)
                  00005ce4    000001b8     drivers_tivaware.aem4f : EMACSnow.oem4f (.text:EMACSnow_NIMUInit)
                  00005e9c    000001b6     rtsv7M4_T_le_v4SPD16_eabi.lib : fd_add_t2.asm.obj (.text)
                  00006052    00000002     hal_ser_stub.aem4f : llserstb.oem4f (.text:_llSerialServiceCheck)
                  00006054    000001b0     stk.aem4f : lliout.oem4f (.text:LLITxIpPacket)
                  00006204    000001ac               : lliin.oem4f (.text:LLIRxPacket)
                  000063b0    0000019c     os.aem4f : mem.oem4f (.text:mmAlloc)
                  0000654c    0000019a     nettool_ipv4.aem4f : dnsclnt.oem4f (.text:DNSResolve)
                  000066e6    00000002     hal_ser_stub.aem4f : llserstb.oem4f (.text:_llSerialShutdown)
                  000066e8    00000198     stk.aem4f : igmp.oem4f (.text:IGMPInput)
                  00006880    00000198     nettool_ipv4.aem4f : ipaddr.oem4f (.text:NtGetPublicHost)
                  00006a18    00000190     stk.aem4f : sock.oem4f (.text:SockNew)
                  00006ba8    00000188     httpget.obj (.text:BMP180_getPressureCalibration)
                  00006d30    00000174     netctrl_min_ipv4.aem4f : netctrl.oem4f (.text:NC_NetStart)
                  00006ea4    00000004     stk.aem4f : bind.oem4f (.text:BindGetNext)
                  00006ea8    00000174     sysbios.aem4f : BIOS.obj (.text:ti_sysbios_family_arm_m3_Hwi_excBusFault__I)
                  0000701c    00000170     stk.aem4f : rtc.oem4f (.text:RTCReport)
                  0000718c    0000016c     nettool_ipv4.aem4f : dnscomn.oem4f (.text:DNSResolveExternal)
                  000072f8    0000016a     stk.aem4f : sb.oem4f (.text:SBRead)
                  00007462    00000006     driverlib.lib : emac.obj (.text:EMACRxDMADescriptorListSet)
                  00007468    00000164     sysbios.aem4f : BIOS.obj (.text:ti_sysbios_family_arm_m3_Hwi_excUsageFault__I)
                  000075cc    00000160     stk.aem4f : sock.oem4f (.text:SockConnect)
                  0000772c    00000160     httpget.obj (.text:sensorTask)
                  0000788c    00000158     nettool_ipv4.aem4f : dhcpmain.oem4f (.text:DHCPOpen)
                  000079e4    00000150     drivers_tivaware.aem4f : GPIOTiva.oem4f (.text:GPIO_setConfig)
                  00007b34    00000004     http_ndk.aem4f : httpcli.oem4f (.text:HTTPCli_construct)
                  00007b38    00000150     sysbios.aem4f : BIOS.obj (.text:ti_sysbios_knl_Event_pend__E)
                  00007c88    00000150                   : BIOS.obj (.text:ti_sysbios_knl_Task_Instance_finalize__E)
                  00007dd8    00000148                   : BIOS.obj (.text:ti_sysbios_family_arm_m3_Hwi_excMemFault__I)
                  00007f20    00000144     stk.aem4f : bind.oem4f (.text:BindNew)
                  00008064    00000140               : tcp.oem4f (.text:TcpTimeoutCheck)
                  000081a4    0000013c     nettool_ipv4.aem4f : config.oem4f (.text:CfgAddEntry)
                  000082e0    0000013c     stk.aem4f : sockint.oem4f (.text:SockNotify)
                  0000841c    0000013c               : sock.oem4f (.text:SockSend)
                  00008558    0000013c     rtsv7M4_T_le_v4SPD16_eabi.lib : _printfi.c.obj (.text:_pconv_e)
                  00008694    00000004     driverlib.lib : i2c.obj (.text:I2CMasterControl)
                  00008698    00000138     sysbios.aem4f : BIOS.obj (.text:ti_sysbios_knl_Semaphore_pend__E)
                  000087d0    00000136     nettool_ipv4.aem4f : dnspkt.oem4f (.text:DNSGetReply)
                  00008906    00000136     rtsv7M4_T_le_v4SPD16_eabi.lib : fd_div_t2.asm.obj (.text)
                  00008a3c    00000134     stk.aem4f : icmp.oem4f (.text:ICMPGenPacket)
                  00008b70    00000132     nettool_ipv4.aem4f : dnspkt.oem4f (.text:DNSReadRecord)
                  00008ca2    00000130     driverlib.lib : gpio.obj (.text:GPIOPadConfigSet)
                  00008dd2    00000002     hal_userled_stub.aem4f : llled.oem4f (.text:_llUserLedInit)
                  00008dd4    0000012c     EK_TM4C1294XL.obj (.text:EK_TM4C1294XL_initEMAC)
                  00008f00    00000128     http_ndk.aem4f : httpcli.oem4f (.text:contentHandler)
                  00009028    00000124     stk.aem4f : sockpcb.oem4f (.text:SockPcbResolve)
                  0000914c    00000124               : udp.oem4f (.text:UdpOutput)
                  00009270    00000124     rtsv7M4_T_le_v4SPD16_eabi.lib : _printfi.c.obj (.text:fcvt)
                  00009394    00000124     httpget.obj (.text:sendData2Server)
                  000094b8    00000120     httpget_pem4f.oem4f (.text:ti_ndk_config_Global_stackThread)
                  000095d8    00000118     http_ndk.aem4f : httpcli.oem4f (.text:HTTPCli_connect)
                  000096f0    00000118     stk.aem4f : tcpout.oem4f (.text:TcpGenPacket)
                  00009808    00000118     ti.targets.arm.rtsarm.aem4f : Error.oem4f (.text:xdc_runtime_Error_policyDefault__E)
                  00009920    00000114     httpget.obj (.text:BMP180_getTemperature)
                  00009a34    00000114     stk.aem4f : nimu.oem4f (.text:NIMUIoctl)
                  00009b48    00000110               : node.oem4f (.text:NodeTreeFree)
                  00009c58    00000110               : raw.oem4f (.text:RawInput)
                  00009d68    00000110     rtsv7M4_T_le_v4SPD16_eabi.lib : s_scalbn.c.obj (.text:scalbn)
                  00009e78    00000110                                   : strtoul.c.obj (.text:strtoul)
                  00009f88    0000010c     stk.aem4f : rtable.oem4f (.text:RtFind)
                  0000a094    0000010a               : route.oem4f (.text:RtCreate)
                  0000a19e    00000002     hal_userled_stub.aem4f : llled.oem4f (.text:_llUserLedShutdown)
                  0000a1a0    00000108     drivers_tivaware.aem4f : EMACSnow.oem4f (.text:EMACSnow_emacStart)
                  0000a2a8    00000108     httpget.obj (.text:socketTask)
                  0000a3b0    00000108     sysbios.aem4f : BIOS.obj (.text:ti_sysbios_family_arm_lm4_Timer_start__E)
                  0000a4b8    00000106     http_ndk.aem4f : httpcli.oem4f (.text:HTTPCli_getResponseField)
                  0000a5be    00000002     rtsv7M4_T_le_v4SPD16_eabi.lib : _lock.c.obj (.text:_nop)
                  0000a5c0    00000104     os.aem4f : task.oem4f (.text:llEnter)
                  0000a6c4    00000102     nettool_ipv4.aem4f : dhcppkt.oem4f (.text:dhcpPacketProcess)
                  0000a7c6    00000102                        : inetaddr.oem4f (.text:inet_aton)
                  0000a8c8    00000100     stk.aem4f : igmp.oem4f (.text:IGMPSendReply)
                  0000a9c8    00000100     ti.targets.arm.rtsarm.aem4f : Core-mem.oem4f (.text:xdc_runtime_Core_createObject__I)
                  0000aac8    000000fc     netctrl_min_ipv4.aem4f : netctrl.oem4f (.text:NetScheduler)
                  0000abc4    000000fc     rtsv7M4_T_le_v4SPD16_eabi.lib : fd_mul_t2.asm.obj (.text)
                  0000acc0    000000f8     stk.aem4f : pipe.oem4f (.text:PipeRecv)
                  0000adb8    000000f8     ti.targets.arm.rtsarm.aem4f : Startup.oem4f (.text:xdc_runtime_Startup_startMods__I)
                  0000aeb0    000000f8     httpget_pem4f.oem4f (.text:xdc_runtime_System_printfExtend__I)
                  0000afa8    000000f4     os.aem4f : task.oem4f (.text:TaskGetEnv)
                  0000b09c    000000f4     sysbios.aem4f : m3_Hwi_asm.obj (.text:ti_sysbios_family_arm_m3_Hwi_dispatch__I)
                  0000b190    000000f4                   : BIOS.obj (.text:ti_sysbios_knl_Task_Instance_init__E)
                  0000b284    000000f2     http_ndk.aem4f : httpcli.oem4f (.text:bufferedRecv)
                  0000b376    00000002     hal_ser_stub.aem4f : llserstb.oem4f (.text:llSerialService)
                  0000b378    000000f0     stk.aem4f : lliout.oem4f (.text:LLIGenArpPacket)
                  0000b468    000000f0               : sock.oem4f (.text:SockClose)
                  0000b558    000000ee     nettool_ipv4.aem4f : dnspkt.oem4f (.text:DNSWriteRecord)
                  0000b646    00000002     rtsv7M4_T_le_v4SPD16_eabi.lib : div0.asm.obj (.text)
                  0000b648    000000ec     http_ndk.aem4f : httpcli.oem4f (.text:redirect)
                  0000b734    00000004     driverlib.lib : i2c.obj (.text:I2CMasterDataGet)
                  0000b738    000000ec     sysbios.aem4f : BIOS.obj (.text:ti_sysbios_knl_Task_postInit__I)
                  0000b824    000000e8     os.aem4f : task.oem4f (.text:TaskSetEnv)
                  0000b90c    000000e6     nettool_ipv4.aem4f : dnspkt.oem4f (.text:DNSWriteName)
                  0000b9f2    00000002     httpget_pem4f.oem4f (.text:ti_ndk_config_Global_NetworkClose)
                  0000b9f4    000000e6     http_ndk.aem4f : httpcli.oem4f (.text:HTTPCli_initSockAddr)
                  0000bada    00000002     httpget_pem4f.oem4f (.text:ti_ndk_config_Global_NetworkOpen)
                  0000badc    000000e0     drivers_tivaware.aem4f : I2CTiva.oem4f (.text:I2CTiva_open)
                  0000bbbc    000000e0     stk.aem4f : tcptime.oem4f (.text:TcpTimeoutRexmt)
                  0000bc9c    000000dc               : sb.oem4f (.text:SBWrite)
                  0000bd78    000000dc     nettool_ipv4.aem4f : dhcpsock.oem4f (.text:dhcpSocketOpen)
                  0000be54    000000dc                        : dhcpsm.oem4f (.text:dhcpState)
                  0000bf30    000000d8     stk.aem4f : node.oem4f (.text:NodeAdd)
                  0000c008    000000d8               : tcpprot.oem4f (.text:TcpPrSetOption)
                  0000c0e0    000000d6     drivers_tivaware.aem4f : I2CTiva.oem4f (.text:I2CTiva_hwiFxn)
                  0000c1b6    00000002     httpget_pem4f.oem4f (.text:ti_sysbios_BIOS_nullFunc__I)
                  0000c1b8    000000d4     drivers_tivaware.aem4f : EMACSnow.oem4f (.text:EMACSnow_handleRx)
                  0000c28c    000000d4     stk.aem4f : sockpcb.oem4f (.text:SockPcbBind)
                  0000c360    000000d4     httpget.obj (.text:netIPAddrHook)
                  0000c434    00000004     driverlib.lib : i2c.obj (.text:I2CMasterDataPut)
                  0000c438    000000d4     sysbios.aem4f : BIOS.obj (.text:ti_sysbios_heaps_HeapMem_alloc__E)
                  0000c50c    000000d1     stk.aem4f : nimu.oem4f (.text:NIMUReceivePacket)
                  0000c5dd    00000001     --HOLE-- [fill = 0]
                  0000c5de    00000002     httpget_pem4f.oem4f (.text:xdc_runtime_Startup_reset__I)
                  0000c5e0    000000d0     rtsv7M4_T_le_v4SPD16_eabi.lib : s_scalbnf.c.obj (.text:scalbnf)
                  0000c6b0    000000cc     stk.aem4f : icmp.oem4f (.text:ICMPSendRtAdv)
                  0000c77c    000000cc     nettool_ipv4.aem4f : dhcpbild.oem4f (.text:dhcpBuildHeader)
                  0000c848    000000cc                        : dhcpsm.oem4f (.text:dhcpIPAdd)
                  0000c914    000000cc                        : dhcppkt.oem4f (.text:dhcpVerifyMessage)
                  0000c9e0    000000cc     ti.targets.arm.rtsarm.aem4f : Core-smem.oem4f (.text:xdc_runtime_Core_constructObject__I)
                  0000caac    000000c8     stk.aem4f : rawethsock.oem4f (.text:RawEthSockNew)
                  0000cb74    000000c8     netctrl_min_ipv4.aem4f : netsrv.oem4f (.text:SPIpNet)
                  0000cc3c    000000c8     httpget.obj (.text:main)
                  0000cd04    00000004     os.aem4f : ossys.oem4f (.text:NDK_vsprintf)
                  0000cd08    000000c8     sysbios.aem4f : BIOS.obj (.text:ti_sysbios_knl_Task_sleep__E)
                  0000cdd0    000000c4     drivers_tivaware.aem4f : EMACSnow.oem4f (.text:EMACSnow_InitDMADescriptors)
                  0000ce94    000000c4     stk.aem4f : igmp.oem4f (.text:IGMPJoinHostGroup)
                  0000cf58    000000c4     nettool_ipv4.aem4f : dhcpsm.oem4f (.text:StateBound)
                  0000d01c    000000c4     http_ndk.aem4f : httpcli.oem4f (.text:getChunkedData)
                  0000d0e0    000000c2     nettool_ipv4.aem4f : dnspkt.oem4f (.text:DNSReadName)
                  0000d1a2    00000002     --HOLE-- [fill = 0]
                  0000d1a4    000000be                        : dnsclnt.oem4f (.text:DNSGetHostByName)
                  0000d262    000000bc     stk.aem4f : sockpcb.oem4f (.text:SockPcbFind)
                  0000d31e    00000002     --HOLE-- [fill = 0]
                  0000d320    000000bc               : vlan.oem4f (.text:VLANDeinit)
                  0000d3dc    00000004               : node.oem4f (.text:NodeSetRt)
                  0000d3e0    000000bc     sysbios.aem4f : BIOS.obj (.text:ti_sysbios_family_arm_m3_Hwi_excDebugMon__I)
                  0000d49c    00000004     stk.aem4f : rawethsock_prot.oem4f (.text:RawEthSockPrAttach)
                  0000d4a0    000000bc     sysbios.aem4f : BIOS.obj (.text:ti_sysbios_family_arm_m3_Hwi_excHardFault__I)
                  0000d55c    00000004     stk.aem4f : rawethsock_prot.oem4f (.text:RawEthSockPrDetach)
                  0000d560    000000bc     sysbios.aem4f : BIOS.obj (.text:ti_sysbios_knl_Task_exit__E)
                  0000d61c    000000b8     EK_TM4C1294XL.obj (.text:EK_TM4C1294XL_initGeneral)
                  0000d6d4    000000b8     stk.aem4f : icmpin.oem4f (.text:ICMPRevSrcRoute)
                  0000d78c    000000b8               : lli.oem4f (.text:_LLITimeoutCheck)
                  0000d844    000000b4               : tcptime.oem4f (.text:TcpTimeoutKeep)
                  0000d8f8    000000b4     http_ndk.aem4f : httpcli.oem4f (.text:getStatus)
                  0000d9ac    00000004     os.aem4f : semaphore.oem4f (.text:SemPend)
                  0000d9b0    000000b4     sysbios.aem4f : BIOS.obj (.text:ti_sysbios_knl_Task_checkStacks__E)
                  0000da64    000000b1     rtsv7M4_T_le_v4SPD16_eabi.lib : _printfi.c.obj (.text:_ltostr)
                  0000db15    00000003     --HOLE-- [fill = 0]
                  0000db18    000000b1     nettool_ipv4.aem4f : inetaddr.oem4f (.text:createAddrInfo)
                  0000dbc9    00000001     --HOLE-- [fill = 0]
                  0000dbca    000000b0     stk.aem4f : rawethsock.oem4f (.text:RawEthSockSet)
                  0000dc7a    00000002     --HOLE-- [fill = 0]
                  0000dc7c    000000ac               : rtable.oem4f (.text:RtTimeoutCheck)
                  0000dd28    000000ac     http_ndk.aem4f : httpcli.oem4f (.text:httpProxyTunnel)
                  0000ddd4    00000004     os.aem4f : semaphore.oem4f (.text:SemPost)
                  0000ddd8    000000ac     sysbios.aem4f : BIOS.obj (.text:ti_sysbios_family_arm_lm4_Timer_enableTiva__I)
                  0000de84    000000aa     network_ndk.aem4f : ssock.oem4f (.text:Ssock_send)
                  0000df2e    00000002     --HOLE-- [fill = 0]
                  0000df30    000000a8     stk.aem4f : sockint.oem4f (.text:SockCreatePacket)
                  0000dfd8    000000a4     sysbios.aem4f : BIOS.obj (.text:ti_sysbios_knl_Task_setPri__E)
                  0000e07c    000000a0     stk.aem4f : ip.oem4f (.text:IPGetRoute)
                  0000e11c    000000a0     auto_init.aem4f : auto_init.oem4f (.text)
                  0000e1bc    000000a0     ti.targets.arm.rtsarm.aem4f : Text.oem4f (.text:xdc_runtime_Text_putMod__E)
                  0000e25c    0000009e     stk.aem4f : nimu.oem4f (.text:NIMUAddEthernetHeader)
                  0000e2fa    0000009e     nettool_ipv4.aem4f : dhcpbild.oem4f (.text:dhcpBuildRequest)
                  0000e398    0000009c     stk.aem4f : exec.oem4f (.text:ExecOpen)
                  0000e434    0000009c     rtsv7M4_T_le_v4SPD16_eabi.lib : memcpy_t2.asm.obj (.text)
                  0000e4d0    0000009a     ti.targets.arm.rtsarm.aem4f : Text.oem4f (.text:xdc_runtime_Text_putSite__E)
                  0000e56a    00000002     --HOLE-- [fill = 0]
                  0000e56c    00000098     netctrl_min_ipv4.aem4f : netctrl.oem4f (.text:NC_SystemOpen)
                  0000e604    00000098                            : netsrv.oem4f (.text:ServiceScan)
                  0000e69c    00000098     Boot.aem4f : Boot.oem4f (.text:ti_catalog_arm_cortexm4_tiva_ce_Boot_sysCtlClockFreqSet__E)
                  0000e734    00000004     os.aem4f : semaphore.oem4f (.text:SemReset)
                  0000e738    00000098     sysbios.aem4f : BIOS.obj (.text:ti_sysbios_knl_Task_schedule__I)
                  0000e7d0    00000096     rtsv7M4_T_le_v4SPD16_eabi.lib : ull_div_t2.asm.obj (.text)
                  0000e866    00000002     --HOLE-- [fill = 0]
                  0000e868    00000094     nettool_ipv4.aem4f : config.oem4f (.text:CfgRemoveEntry)
                  0000e8fc    00000004     network_ndk.aem4f : ssock.oem4f (.text:Ssock_getSocket)
                  0000e900    00000094     sysbios.aem4f : BIOS.obj (.text:ti_sysbios_family_arm_m3_Hwi_Instance_init__E)
                  0000e994    00000004     os.aem4f : task.oem4f (.text:TaskSelf)
                  0000e998    00000094     sysbios.aem4f : BIOS.obj (.text:ti_sysbios_family_arm_m3_Hwi_initNVIC__E)
                  0000ea2c    00000090     nettool_ipv4.aem4f : config.oem4f (.text:CfgExecute)
                  0000eabc    00000090     stk.aem4f : igmp.oem4f (.text:IGMPMsg)
                  0000eb4c    00000090     os.aem4f : mem.oem4f (.text:mmBulkAlloc)
                  0000ebdc    00000090     http_ndk.aem4f : httpcli.oem4f (.text:readLine)
                  0000ec6c    00000004     os.aem4f : task.oem4f (.text:TaskSetPri)
                  0000ec70    00000090     sysbios.aem4f : BIOS.obj (.text:ti_sysbios_knl_Task_Module_startup__E)
                  0000ed00    00000090                   : BIOS.obj (.text:ti_sysbios_knl_Task_startCore__E)
                  0000ed90    0000008c     nettool_ipv4.aem4f : dnscomn.oem4f (.text:DNSResolveQuery)
                  0000ee1c    0000008c     drivers_tivaware.aem4f : GPIOTiva.oem4f (.text:GPIO_init)
                  0000eea8    0000008c     stk.aem4f : ip.oem4f (.text:IPMsg)
                  0000ef34    0000008c     os.aem4f : mem.oem4f (.text:_mmInit)
                  0000efc0    0000008c              : mem.oem4f (.text:mmInitPage)
                  0000f04c    0000008c     sysbios.aem4f : m3_TaskSupport_asm.obj (.text:ti_sysbios_family_arm_m3_TaskSupport_buildTaskStack)
                  0000f0d8    0000008c                   : BIOS.obj (.text:ti_sysbios_knl_Event_post__E)
                  0000f164    0000008a     netctrl_min_ipv4.aem4f : netsrv.oem4f (.text:SPRoute)
                  0000f1ee    00000002     --HOLE-- [fill = 0]
                  0000f1f0    00000088                            : netsrv.oem4f (.text:ServiceSpawn)
                  0000f278    00000088     stk.aem4f : sockpcb.oem4f (.text:SockPcbCtlError)
                  0000f300    00000087     httpget_pem4f.oem4f (.text:ti_ndk_config_Global_NetworkIPAddr)
                  0000f387    00000001     --HOLE-- [fill = 0]
                  0000f388    00000086     nettool_ipv4.aem4f : dhcpsm.oem4f (.text:StateRequesting)
                  0000f40e    00000086     rtsv7M4_T_le_v4SPD16_eabi.lib : fd_cmp_t2.asm.obj (.text:__aeabi_cdcmple)
                  0000f494    00000086                                   : fd_cmp_t2.asm.obj (.text:__aeabi_cdrcmple)
                  0000f51a    00000002     --HOLE-- [fill = 0]
                  0000f51c    00000084     nettool_ipv4.aem4f : config.oem4f (.text:CfgGetEntry)
                  0000f5a0    00000084     drivers_tivaware.aem4f : EMACSnow.oem4f (.text:EMACSnow_processPhyInterrupt)
                  0000f624    00000084     stk.aem4f : tcpprot.oem4f (.text:TcpPrAttach)
                  0000f6a8    00000084     os.aem4f : mem.oem4f (.text:mmBulkFree)
                  0000f72c    00000084              : mem.oem4f (.text:mmFree)
                  0000f7b0    00000084     sysbios.aem4f : BIOS.obj (.text:ti_sysbios_family_arm_m3_Hwi_postInit__I)
                  0000f834    00000082     nettool_ipv4.aem4f : dhcpsm.oem4f (.text:StateRenewRebind)
                  0000f8b6    00000002     --HOLE-- [fill = 0]
                  0000f8b8    00000080     drivers_tivaware.aem4f : EMACSnow.oem4f (.text:EMACSnow_emacStop)
                  0000f938    00000080                            : EMACSnow.oem4f (.text:EMACSnow_processPendingTx)
                  0000f9b8    00000080     stk.aem4f : lli.oem4f (.text:LLINew)
                  0000fa38    00000080     netctrl_min_ipv4.aem4f : netsrv.oem4f (.text:NS_BootTask)
                  0000fab8    00000080     stk.aem4f : pbm.oem4f (.text:PBM_alloc)
                  0000fb38    00000080               : raw.oem4f (.text:RawOutput)
                  0000fbb8    0000007e     drivers_tivaware.aem4f : I2CTiva.oem4f (.text:I2CTiva_transfer)
                  0000fc36    0000007e     stk.aem4f : fileuser.oem4f (.text:fdClose)
                  0000fcb4    0000007c     nettool_ipv4.aem4f : config.oem4f (.text:CfgGetNextEntry)
                  0000fd30    0000007c     drivers_tivaware.aem4f : EMACSnow.oem4f (.text:EMACSnow_hwiIntFxn)
                  0000fdac    0000007c     stk.aem4f : igmp.oem4f (.text:IGMPDoMCast)
                  0000fe28    0000007c               : igmp.oem4f (.text:IGMPJoin)
                  0000fea4    0000007c               : socket.oem4f (.text:NDK_setsockopt)
                  0000ff20    0000007c               : nimu.oem4f (.text:NIMURegister)
                  0000ff9c    0000007c               : pbm.oem4f (.text:PBM_free)
                  00010018    0000007c     nettool_ipv4.aem4f : inetaddr.oem4f (.text:inet_pton)
                  00010094    00000004     hal_ser_stub.aem4f : llserstb.oem4f (.text:_llSerialInit)
                  00010098    0000007c     sysbios.aem4f : BIOS.obj (.text:ti_sysbios_heaps_HeapMem_free__E)
                  00010114    0000007a     rtsv7M4_T_le_v4SPD16_eabi.lib : memset_t2.asm.obj (.text)
                  0001018e    00000002     --HOLE-- [fill = 0]
                  00010190    00000078     driverlib.lib : emac.obj (.text:EMACInit)
                  00010208    00000078     stk.aem4f : socket.oem4f (.text:NDK_sendto)
                  00010280    00000078               : tcptime.oem4f (.text:TcpXmitTimer)
                  000102f8    00000078               : fileuser.oem4f (.text:fdOpenSession)
                  00010370    00000078     os.aem4f : task.oem4f (.text:llExit)
                  000103e8    00000076     stk.aem4f : pipe.oem4f (.text:PipeSend)
                  0001045e    00000002     --HOLE-- [fill = 0]
                  00010460    00000075               : tcptime.oem4f (.text:TcpTimeoutSackRexmt)
                  000104d5    00000003     --HOLE-- [fill = 0]
                  000104d8    00000074               : igmp.oem4f (.text:IGMPLeaveHostGroup)
                  0001054c    00000074               : nimu.oem4f (.text:NIMUShutdown)
                  000105c0    00000074               : raweth.oem4f (.text:RawEthRxPacket)
                  00010634    00000074               : sockpcb.oem4f (.text:SockPcbConnect)
                  000106a8    00000074     nettool_ipv4.aem4f : inetaddr.oem4f (.text:setAddrInfo)
                  0001071c    00000072     os.aem4f : semaphore.oem4f (.text:SemCreateBinary)
                  0001078e    00000002     --HOLE-- [fill = 0]
                  00010790    00000070     http_ndk.aem4f : httpcli.oem4f (.text:HTTPCli_sendRequest)
                  00010800    00000070     stk.aem4f : socket.oem4f (.text:NDK_send)
                  00010870    00000070               : rtable.oem4f (.text:RtFlush)
                  000108e0    00000070     netctrl_min_ipv4.aem4f : netsrv.oem4f (.text:SPConfig)
                  00010950    00000070     stk.aem4f : sock.oem4f (.text:SockShutdown)
                  000109c0    00000070     nettool_ipv4.aem4f : dhcptags.oem4f (.text:dhcpDecodeType)
                  00010a30    00000070     sysbios.aem4f : BIOS.obj (.text:ti_sysbios_knl_Clock_workFunc__E)
                  00010aa0    0000006e     stk.aem4f : socket.oem4f (.text:NDK_recv)
                  00010b0e    00000002     --HOLE-- [fill = 0]
                  00010b10    0000006e               : rtable.oem4f (.text:RtWalkNext)
                  00010b7e    0000006e               : sockpcb.oem4f (.text:SockPcbFindRaw)
                  00010bec    0000006e     rtsv7M4_T_le_v4SPD16_eabi.lib : _printfi.c.obj (.text:_mcpy)
                  00010c5a    00000002     --HOLE-- [fill = 0]
                  00010c5c    0000006d     stk.aem4f : node.oem4f (.text:NodeNew)
                  00010cc9    00000003     --HOLE-- [fill = 0]
                  00010ccc    0000006d     ti.targets.arm.rtsarm.aem4f : System.oem4f (.text:xdc_runtime_System_formatNum__I)
                  00010d39    00000003     --HOLE-- [fill = 0]
                  00010d3c    0000006c     os.aem4f : ossys.oem4f (.text:DbgPrintf)
                  00010da8    0000006c     stk.aem4f : node.oem4f (.text:NodeTreeNew)
                  00010e14    0000006c               : raweth.oem4f (.text:RawEthTxPacket)
                  00010e80    0000006c               : udp.oem4f (.text:UdpChecksum)
                  00010eec    0000006c     http_ndk.aem4f : httpcli.oem4f (.text:checkContentField)
                  00010f58    0000006c     httpget_pem4f.oem4f (.text:ti_ndk_config_ip_init)
                  00010fc4    00000004     rtsv7M4_T_le_v4SPD16_eabi.lib : exit.c.obj (.text:abort:abort)
                  00010fc8    0000006c     sysbios.aem4f : BIOS.obj (.text:ti_sysbios_knl_Swi_restoreHwi__E)
                  00011034    0000006c     ti.targets.arm.rtsarm.aem4f : Error.oem4f (.text:xdc_runtime_Error_print__E)
                  000110a0    0000006c                                 : Memory.oem4f (.text:xdc_runtime_Memory_alloc__E)
                  0001110c    0000006a     stk.aem4f : tcpprot.oem4f (.text:TcpPrInherit)
                  00011176    00000002     --HOLE-- [fill = 0]
                  00011178    00000068     EK_TM4C1294XL.obj (.text:EK_TM4C1294XL_initI2C)
                  000111e0    00000068     stk.aem4f : socket.oem4f (.text:NDK_socket)
                  00011248    00000068               : pbm.oem4f (.text:PBM_open)
                  000112b0    00000068               : rtable.oem4f (.text:_RtNodeInsert)
                  00011318    00000068     rtsv7M4_T_le_v4SPD16_eabi.lib : copy_decompress_lzss.c.obj (.text:decompress:lzss:__TI_decompress_lzss)
                  00011380    00000066     ti.targets.arm.rtsarm.aem4f : Core-mem.oem4f (.text:xdc_runtime_Core_deleteObject__I)
                  000113e6    00000002     --HOLE-- [fill = 0]
                  000113e8    00000064     nettool_ipv4.aem4f : config.oem4f (.text:CfgFree)
                  0001144c    00000064     drivers_tivaware.aem4f : GPIOTiva.oem4f (.text:GPIO_hwiIntFxn)
                  000114b0    00000064     stk.aem4f : pbm.oem4f (.text:PBMQ_enq)
                  00011514    00000064               : sockint.oem4f (.text:SockSpawnAbort)
                  00011578    00000064     rtsv7M4_T_le_v4SPD16_eabi.lib : s_frexp.c.obj (.text:frexp)
                  000115dc    00000064     hal_timer_bios.aem4f : lltimer.oem4f (.text:llTimerTick)
                  00011640    00000064     sysbios.aem4f : BIOS.obj (.text:ti_sysbios_family_arm_lm4_Timer_Module_startup__E)
                  000116a4    00000064     httpget_pem4f.oem4f (.text:ti_sysbios_family_arm_m3_Hwi_create)
                  00011708    00000064     sysbios.aem4f : BIOS.obj (.text:ti_sysbios_family_arm_m3_Hwi_dispatchC__I)
                  0001176c    00000004     stk.aem4f : listlib.oem4f (.text:list_get_head)
                  00011770    00000064     sysbios.aem4f : BIOS.obj (.text:ti_sysbios_knl_Semaphore_post__E)
                  000117d4    00000064     stk.aem4f : lliin.oem4f (.text:updateRtTable)
                  00011838    00000062     drivers_tivaware.aem4f : I2CTiva.oem4f (.text:I2CTiva_primeTransfer)
                  0001189a    00000062     stk.aem4f : ipin.oem4f (.text:IPRouteIP)
                  000118fc    00000062               : sb.oem4f (.text:SBNew)
                  0001195e    00000002     --HOLE-- [fill = 0]
                  00011960    00000060     httpget.obj (.text:BMP180_calculateAltitude)
                  000119c0    00000060     httpget.obj (.text:BMP180_startPressureAcquisition)
                  00011a20    00000060     httpget.obj (.text:BMP180_startTemperatureAcquisition)
                  00011a80    00000060     nettool_ipv4.aem4f : config.oem4f (.text:CfgGetEntryCnt)
                  00011ae0    00000060     stk.aem4f : file.oem4f (.text:FdWaitEvent)
                  00011b40    00000060               : nimu.oem4f (.text:NIMUUnregister)
                  00011ba0    00000060               : node.oem4f (.text:NodeFind)
                  00011c00    00000060               : rtc.oem4f (.text:RTCMsg)
                  00011c60    00000060               : tcp.oem4f (.text:TcpChecksum)
                  00011cc0    00000060     nettool_ipv4.aem4f : dhcptags.oem4f (.text:dhcpBuildOptions)
                  00011d20    00000060     httpget_pem4f.oem4f (.text:ti_ndk_config_Global_serviceReport)
                  00011d80    0000005e     stk.aem4f : route.oem4f (.text:RtRemove)
                  00011dde    0000005e     nettool_ipv4.aem4f : dhcpsm.oem4f (.text:StateSelecting)
                  00011e3c    0000005e     stk.aem4f : vlan.oem4f (.text:VLANReceivePacket)
                  00011e9a    00000002     --HOLE-- [fill = 0]
                  00011e9c    0000005c     nettool_ipv4.aem4f : config.oem4f (.text:CfgSetExecuteOrder)
                  00011ef8    0000005c     stk.aem4f : nimu.oem4f (.text:NIMUIoctlSpecialCmd)
                  00011f54    0000005c     netctrl_min_ipv4.aem4f : netsrv.oem4f (.text:SPService)
                  00011fb0    0000005c     httpget_pem4f.oem4f (.text:ti_sysbios_knl_Swi_create)
                  0001200c    00000004     stk.aem4f : listlib.oem4f (.text:list_get_next)
                  00012010    0000005c     sysbios.aem4f : BIOS.obj (.text:ti_sysbios_knl_Swi_run__I)
                  0001206c    00000004     http_ndk.aem4f : httpcli.oem4f (.text:threadExit)
                  00012070    0000005c     sysbios.aem4f : BIOS.obj (.text:ti_sysbios_knl_Swi_schedule__I)
                  000120cc    0000005c     httpget_pem4f.oem4f (.text:ti_sysbios_knl_Task_create)
                  00012128    0000005c     sysbios.aem4f : BIOS.obj (.text:ti_sysbios_knl_Task_unblockI__E)
                  00012184    0000005b     ti.targets.arm.rtsarm.aem4f : Text.oem4f (.text:xdc_runtime_Text_putLab__E)
                  000121df    00000001     --HOLE-- [fill = 0]
                  000121e0    0000005a     stk.aem4f : route.oem4f (.text:RtRedirect)
                  0001223a    0000005a               : tcpprot.oem4f (.text:TcpValidateMetrics)
                  00012294    0000005a     nettool_ipv4.aem4f : dhcpbild.oem4f (.text:dhcpBuildDecline)
                  000122ee    0000005a     os.aem4f : mem.oem4f (.text:mmCopy)
                  00012348    0000005a     httpget_pem4f.oem4f (.text:ti_ndk_config_tcp_init)
                  000123a2    00000002     --HOLE-- [fill = 0]
                  000123a4    00000058     stk.aem4f : bind.oem4f (.text:BindFree)
                  000123fc    00000058     boot.aem4f : boot.oem4f (.text)
                  00012454    00000058     driverlib.lib : emac.obj (.text:EMACPHYConfigSet)
                  000124ac    00000058     rtsv7M4_T_le_v4SPD16_eabi.lib : hostwrite.c.obj (.text:HOSTwrite)
                  00012504    00000058     stk.aem4f : igmp.oem4f (.text:IGMPTimer)
                  0001255c    00000058     os.aem4f : semaphore.oem4f (.text:SemCreate)
                  000125b4    00000058     httpget_pem4f.oem4f (.text:ti_sysbios_family_arm_m3_Hwi_construct)
                  0001260c    00000058     sysbios.aem4f : m3_Hwi_asm_switch.obj (.text:ti_sysbios_family_arm_m3_Hwi_initStacks__E)
                  00012664    00000056     driverlib.lib : gpio.obj (.text:GPIOIntTypeSet)
                  000126ba    00000056     rtsv7M4_T_le_v4SPD16_eabi.lib : _printfi.c.obj (.text:_pconv_f)
                  00012710    00000056     http_ndk.aem4f : httpcli.oem4f (.text:sprsend)
                  00012766    00000002     --HOLE-- [fill = 0]
                  00012768    00000054     nettool_ipv4.aem4f : config.oem4f (.text:CfgEntryDeRef)
                  000127bc    00000054     http_ndk.aem4f : httpcli.oem4f (.text:HTTPCli_sendField)
                  00012810    00000054     stk.aem4f : igmp.oem4f (.text:IGMPLeave)
                  00012864    00000054               : rawethsock_pcb.oem4f (.text:RawEthSockPcbAttach)
                  000128b8    00000054               : sockpcb.oem4f (.text:SockCleanPcb)
                  0001290c    00000054               : tcptime.oem4f (.text:TcpTimeoutPersist)
                  00012960    00000054     http_ndk.aem4f : httpcli.oem4f (.text:asyncThread)
                  000129b4    00000054     rtsv7M4_T_le_v4SPD16_eabi.lib : ltoa.c.obj (.text:ltoa)
                  00012a08    00000054     sysbios.aem4f : BIOS.obj (.text:ti_sysbios_family_arm_lm4_Timer_initDevice__I)
                  00012a5c    00000004     httpget_pem4f.oem4f (.text:ti_sysbios_BIOS_RtsGateProxy_enter__E)
                  00012a60    00000054     sysbios.aem4f : BIOS.obj (.text:ti_sysbios_knl_Swi_Instance_init__E)
                  00012ab4    00000054     ti.targets.arm.rtsarm.aem4f : Assert.oem4f (.text:xdc_runtime_Assert_raise__I)
                  00012b08    00000052     nettool_ipv4.aem4f : dnscomn.oem4f (.text:DNSReplyFree)
                  00012b5a    00000052     stk.aem4f : tcpprot.oem4f (.text:TcpPrDetach)
                  00012bac    00000052     rtsv7M4_T_le_v4SPD16_eabi.lib : _printfi.c.obj (.text:_ecpy)
                  00012bfe    00000002     --HOLE-- [fill = 0]
                  00012c00    00000050     drivers_tivaware.aem4f : GPIOTiva.oem4f (.text:GPIO_setCallback)
                  00012c50    00000050                            : GPIOTiva.oem4f (.text:GPIO_write)
                  00012ca0    00000050     stk.aem4f : socket.oem4f (.text:NDK_bind)
                  00012cf0    00000050               : socket.oem4f (.text:NDK_connect)
                  00012d40    00000050               : route.oem4f (.text:RtNew)
                  00012d90    00000050     driverlib.lib : sysctl.obj (.text:SysCtlPeripheralReset)
                  00012de0    00000050     Boot.aem4f : Boot_sysctl.oem4f (.text:_SysCtlFrequencyGet)
                  00012e30    00000050     sysbios.aem4f : BIOS.obj (.text:ti_sysbios_family_arm_m3_Hwi_Module_startup__E)
                  00012e80    00000050                   : BIOS.obj (.text:ti_sysbios_knl_Clock_Instance_init__E)
                  00012ed0    00000050     ti.targets.arm.rtsarm.aem4f : Startup.oem4f (.text:xdc_runtime_Startup_exec__E)
                  00012f20    00000050                                 : Text.oem4f (.text:xdc_runtime_Text_visitRope2__I)
                  00012f70    0000004e     stk.aem4f : node.oem4f (.text:NodeDeRef)
                  00012fbe    0000004e     nettool_ipv4.aem4f : config.oem4f (.text:_CfgEntryScan)
                  0001300c    0000004c                        : ipaddr.oem4f (.text:NtAddNetwork)
                  00013058    0000004c     stk.aem4f : sockint.oem4f (.text:SockValidateRoute)
                  000130a4    0000004c     rtsv7M4_T_le_v4SPD16_eabi.lib : atoi.c.obj (.text:atoi)
                  000130f0    0000004c                                   : cpy_tbl.c.obj (.text:copy_in)
                  0001313c    0000004c     httpget.obj (.text:initializeI2C)
                  00013188    0000004c     rtsv7M4_T_le_v4SPD16_eabi.lib : snprintf.c.obj (.text:snprintf)
                  000131d4    00000004     httpget_pem4f.oem4f (.text:ti_sysbios_BIOS_RtsGateProxy_leave__E)
                  000131d8    0000004c     sysbios.aem4f : BIOS.obj (.text:ti_sysbios_heaps_HeapMem_getStats__E)
                  00013224    00000004                   : BIOS.obj (.text:ti_sysbios_family_arm_lm4_Timer_masterEnable__I)
                  00013228    0000004c                   : BIOS.obj (.text:ti_sysbios_knl_Swi_runLoop__I)
                  00013274    00000004     httpget_pem4f.oem4f (.text:ti_sysbios_family_arm_m3_Hwi_delete)
                  00013278    0000004c     sysbios.aem4f : BIOS.obj (.text:ti_sysbios_knl_Task_allBlockedFunction__I)
                  000132c4    0000004a     netctrl_min_ipv4.aem4f : netsrv.oem4f (.text:ServiceKill)
                  0001330e    0000004a     stk.aem4f : sock.oem4f (.text:SockDisconnect)
                  00013358    0000004a               : timer.oem4f (.text:TimerNew)
                  000133a2    00000048     nettool_ipv4.aem4f : config.oem4f (.text:CfgNew)
                  000133ea    00000002     --HOLE-- [fill = 0]
                  000133ec    00000048     driverlib.lib : gpio.obj (.text:GPIOPinConfigure)
                  00013434    00000048                   : i2c.obj (.text:I2CMasterInitExpClk)
                  0001347c    00000048     stk.aem4f : lli.oem4f (.text:LLIMsg)
                  000134c4    00000048               : node.oem4f (.text:NodeWalk)
                  0001350c    00000048               : rawethsock_pcb.oem4f (.text:RawEthSockPcbDetach)
                  00013554    00000048               : sockpcb.oem4f (.text:SockPcbResolveChain)
                  0001359c    00000048               : tcpprot.oem4f (.text:TcpDrop)
                  000135e4    00000048               : lli.oem4f (.text:_LLIExpListInsert)
                  0001362c    00000048               : rtable.oem4f (.text:_RtExpListInsert)
                  00013674    00000048               : file.oem4f (.text:fdint_lockfd)
                  000136bc    00000048     rtsv7M4_T_le_v4SPD16_eabi.lib : fd_toi_t2.asm.obj (.text)
                  00013704    00000004     httpget_pem4f.oem4f (.text:ti_sysbios_family_arm_m3_Hwi_destruct)
                  00013708    00000048     sysbios.aem4f : BIOS.obj (.text:ti_sysbios_family_arm_lm4_Timer_enableTimers__I)
                  00013750    00000048                   : BIOS.obj (.text:ti_sysbios_family_arm_m3_Hwi_disableInterrupt__E)
                  00013798    00000048                   : BIOS.obj (.text:ti_sysbios_family_arm_m3_Hwi_enableInterrupt__E)
                  000137e0    00000048                   : BIOS.obj (.text:ti_sysbios_family_arm_m3_Hwi_excReserved__I)
                  00013828    00000048                   : BIOS.obj (.text:ti_sysbios_knl_Task_deleteTerminatedTasksFunc__I)
                  00013870    00000046     nettool_ipv4.aem4f : ipaddr.oem4f (.text:NtIfIdx2Ip)
                  000138b6    00000046     stk.aem4f : rawethsock.oem4f (.text:RawEthSockSend)
                  000138fc    00000046               : tcpprot.oem4f (.text:TcpPrCtlError)
                  00013942    00000046     os.aem4f : mem.oem4f (.text:mmZeroInit)
                  00013988    00000046     ti.targets.arm.rtsarm.aem4f : Core-params.oem4f (.text:xdc_runtime_Core_assignParams__I)
                  000139ce    00000002     --HOLE-- [fill = 0]
                  000139d0    00000044     drivers_tivaware.aem4f : EMACSnow.oem4f (.text:EMACSnow_processTransmitted)
                  00013a14    00000044     stk.aem4f : icmp.oem4f (.text:ICMPChecksum)
                  00013a58    00000044               : ipfrag.oem4f (.text:IPReasmFree)
                  00013a9c    00000044               : lli.oem4f (.text:LLIGetValidTime)
                  00013ae0    00000044               : rtable.oem4f (.text:RouteMsg)
                  00013b24    00000044               : rtable.oem4f (.text:RtWalkEnd)
                  00013b68    00000044               : sockpcb.oem4f (.text:SockPcbDetach)
                  00013bac    00000044               : timer.oem4f (.text:TimerListInsert)
                  00013bf0    00000044     hal_timer_bios.aem4f : lltimer.oem4f (.text:llTimerGetTime)
                  00013c34    00000004     httpget_pem4f.oem4f (.text:ti_sysbios_family_arm_m3_TaskSupport_Module__startupDone__S)
                  00013c38    00000044     sysbios.aem4f : BIOS.obj (.text:ti_sysbios_family_arm_lm4_Timer_isrStub__E)
                  00013c7c    00000004     httpget_pem4f.oem4f (.text:ti_sysbios_heaps_HeapMem_Module_GateProxy_enter__E)
                  00013c80    00000044     sysbios.aem4f : BIOS.obj (.text:ti_sysbios_family_arm_m3_Hwi_getStackInfo__E)
                  00013cc4    00000004     httpget_pem4f.oem4f (.text:ti_sysbios_heaps_HeapMem_Module_GateProxy_leave__E)
                  00013cc8    00000044     sysbios.aem4f : BIOS.obj (.text:ti_sysbios_knl_Swi_post__E)
                  00013d0c    00000044     ti.targets.arm.rtsarm.aem4f : Error.oem4f (.text:xdc_runtime_Error_setX__E)
                  00013d50    00000044                                 : SysMin.oem4f (.text:xdc_runtime_SysMin_flush__E)
                  00013d94    00000044                                 : Text.oem4f (.text:xdc_runtime_Text_xprintf__I)
                  00013dd8    00000042     stk.aem4f : tcpprot.oem4f (.text:TcpPrSendOOB)
                  00013e1a    00000042               : fileuser.oem4f (.text:fdCloseSession)
                  00013e5c    00000040     nettool_ipv4.aem4f : dnspkt.oem4f (.text:DNSBuildRequest)
                  00013e9c    00000040     http_ndk.aem4f : httpcli.oem4f (.text:HTTPCli_readResponseBody)
                  00013edc    00000040     stk.aem4f : lliin.oem4f (.text:LLIValidateRoute)
                  00013f1c    00000040               : pbm.oem4f (.text:PBM_copy)
                  00013f5c    00000040               : sockpcb.oem4f (.text:SockPcbRtChange)
                  00013f9c    00000040               : tcpprot.oem4f (.text:TcpPrSend)
                  00013fdc    00000040     rtsv7M4_T_le_v4SPD16_eabi.lib : u_divt2.asm.obj (.text)
                  0001401c    00000040     http_ndk.aem4f : httpcli.oem4f (.text:threadCreate)
                  0001405c    00000004     httpget_pem4f.oem4f (.text:ti_sysbios_knl_Clock_TimerProxy_getMaxTicks__E)
                  00014060    00000040     sysbios.aem4f : BIOS.obj (.text:ti_sysbios_family_arm_lm4_Timer_startup__E)
                  000140a0    00000040                   : BIOS.obj (.text:ti_sysbios_heaps_HeapMem_Instance_init__E)
                  000140e0    0000003e     nettool_ipv4.aem4f : dhcpmain.oem4f (.text:DHCPClose)
                  0001411e    00000002     --HOLE-- [fill = 0]
                  00014120    0000003e     stk.aem4f : nimu.oem4f (.text:NIMUAllocateName)
                  0001415e    0000003e     os.aem4f : task.oem4f (.text:TaskCreate)
                  0001419c    0000003e     stk.aem4f : tcpprot.oem4f (.text:TcpPrDisconnect)
                  000141da    0000003e     rtsv7M4_T_le_v4SPD16_eabi.lib : _printfi.c.obj (.text:_fcpy)
                  00014218    0000003e     stk.aem4f : file.oem4f (.text:fdint_unlockfd)
                  00014256    0000003c     nettool_ipv4.aem4f : config.oem4f (.text:CfgEntryGetData)
                  00014292    0000003c     driverlib.lib : emac.obj (.text:EMACIntDisable)
                  000142ce    0000003c     stk.aem4f : node.oem4f (.text:NodeUpdatePL)
                  0001430a    00000002     --HOLE-- [fill = 0]
                  0001430c    0000003c               : rtable.oem4f (.text:RtWalkBegin)
                  00014348    0000003c               : tcpprot.oem4f (.text:TcpPrConnect)
                  00014384    0000003c               : tcptime.oem4f (.text:TcpSetPersist)
                  000143c0    0000003c               : rtc.oem4f (.text:_RTCSendRtAdv)
                  000143fc    0000003c               : rtable.oem4f (.text:_RtNodeRemove)
                  00014438    0000003c     hal_timer_bios.aem4f : lltimer.oem4f (.text:_llTimerInit)
                  00014474    0000003c     rtsv7M4_T_le_v4SPD16_eabi.lib : strncasecmp.c.obj (.text:strncasecmp)
                  000144b0    0000003c     sysbios.aem4f : BIOS.obj (.text:ti_sysbios_family_arm_m3_Hwi_excSvCall__I)
                  000144ec    00000004     httpget_pem4f.oem4f (.text:ti_sysbios_knl_Queue_destruct)
                  000144f0    0000003c     sysbios.aem4f : BIOS.obj (.text:ti_sysbios_heaps_HeapMem_init__I)
                  0001452c    00000004     httpget_pem4f.oem4f (.text:ti_sysbios_knl_Semaphore_delete)
                  00014530    0000003c     sysbios.aem4f : BIOS.obj (.text:ti_sysbios_knl_Swi_restore__E)
                  0001456c    0000003a     driverlib.lib : emac.obj (.text:EMACIntEnable)
                  000145a6    0000003a     drivers_tivaware.aem4f : I2CTiva.oem4f (.text:I2CTiva_completeTransfer)
                  000145e0    00000038     driverlib.lib : emac.obj (.text:EMACConfigGet)
                  00014618    00000038     drivers_tivaware.aem4f : I2C.oem4f (.text:I2C_init)
                  00014650    00000038     stk.aem4f : ipfrag.oem4f (.text:IPReasmTimeout)
                  00014688    00000038               : node.oem4f (.text:NodeGetRt)
                  000146c0    00000038     driverlib.lib : sysctl.obj (.text:SysCtlPeripheralReady)
                  000146f8    00000038     stk.aem4f : tcpprot.oem4f (.text:TcpClose)
                  00014730    00000038               : timer.oem4f (.text:TimerHSTick)
                  00014768    00000038     rtsv7M4_T_le_v4SPD16_eabi.lib : trgmsg.c.obj (.text:__TI_writemsg)
                  000147a0    00000038     nettool_ipv4.aem4f : dhcpbild.oem4f (.text:dhcpBuildDiscover)
                  000147d8    00000038                        : dhcptags.oem4f (.text:dhcpOptionsClear)
                  00014810    00000038     stk.aem4f : file.oem4f (.text:fdint_waitevent)
                  00014848    00000038     rtsv7M4_T_le_v4SPD16_eabi.lib : fs_tod_t2.asm.obj (.text)
                  00014880    00000038     sysbios.aem4f : BIOS.obj (.text:ti_sysbios_family_arm_m3_Hwi_excNoIsr__I)
                  000148b8    00000038     httpget_pem4f.oem4f (.text:ti_sysbios_knl_Clock_create)
                  000148f0    00000038     sysbios.aem4f : BIOS.obj (.text:ti_sysbios_knl_Task_processVitalTaskFlag__I)
                  00014928    00000038     ti.targets.arm.rtsarm.aem4f : SysMin.oem4f (.text:xdc_runtime_SysMin_putch__E)
                  00014960    00000038                                 : System.oem4f (.text:xdc_runtime_System_atexit__E)
                  00014998    00000036     drivers_tivaware.aem4f : I2CTiva.oem4f (.text:I2CTiva_close)
                  000149ce    00000036     stk.aem4f : ip.oem4f (.text:IPChecksum)
                  00014a04    00000036     network_ndk.aem4f : ssock.oem4f (.text:Ssock_recv)
                  00014a3a    00000036     rtsv7M4_T_le_v4SPD16_eabi.lib : strncpy.c.obj (.text:strncpy)
                  00014a70    00000035     httpget.obj (.text:printError)
                  00014aa5    00000003     --HOLE-- [fill = 0]
                  00014aa8    00000034     nettool_ipv4.aem4f : config.oem4f (.text:CfgSetService)
                  00014adc    00000034     driverlib.lib : emac.obj (.text:EMACConfigSet)
                  00014b10    00000034                   : emac.obj (.text:EMACIntClear)
                  00014b44    00000034     drivers_tivaware.aem4f : EMACSnow.oem4f (.text:EMACSnow_emacPoll)
                  00014b78    00000034                            : EMACSnow.oem4f (.text:EMACSnow_isLinkUp)
                  00014bac    00000034                            : EMAC.oem4f (.text:EMAC_init)
                  00014be0    00000034     stk.aem4f : exec.oem4f (.text:ExecClose)
                  00014c14    00000034               : nimu.oem4f (.text:NIMUFindByName)
                  00014c48    00000034               : nimu.oem4f (.text:NIMUInit)
                  00014c7c    00000034               : rawethsock.oem4f (.text:RawEthSockNotify)
                  00014cb0    00000034               : sockprot.oem4f (.text:SockPrCtlError)
                  00014ce4    00000034     driverlib.lib : sysctl.obj (.text:SysCtlPeripheralEnable)
                  00014d18    00000034     rtsv7M4_T_le_v4SPD16_eabi.lib : trgmsg.c.obj (.text:__TI_readmsg)
                  00014d4c    00000034     os.aem4f : mem.oem4f (.text:mmUnInitPage)
                  00014d80    00000034              : ossys.oem4f (.text:stricmp)
                  00014db4    00000034     rtsv7M4_T_le_v4SPD16_eabi.lib : strstr.c.obj (.text:strstr)
                  00014de8    00000034     sysbios.aem4f : BIOS.obj (.text:ti_sysbios_family_arm_m3_Hwi_Instance_finalize__E)
                  00014e1c    00000004     httpget_pem4f.oem4f (.text:ti_sysbios_knl_Semaphore_destruct)
                  00014e20    00000034     sysbios.aem4f : BIOS.obj (.text:ti_sysbios_family_arm_m3_Hwi_excNmi__I)
                  00014e54    00000004     httpget_pem4f.oem4f (.text:ti_sysbios_knl_Swi_delete)
                  00014e58    00000034     sysbios.aem4f : BIOS.obj (.text:ti_sysbios_hal_Hwi_checkStack)
                  00014e8c    00000034     httpget_pem4f.oem4f (.text:ti_sysbios_knl_Semaphore_create)
                  00014ec0    00000034     ti.targets.arm.rtsarm.aem4f : Core-label.oem4f (.text:xdc_runtime_Core_assignLabel__I)
                  00014ef4    00000033                                 : Text.oem4f (.text:xdc_runtime_Text_printVisFxn__I)
                  00014f27    00000001     --HOLE-- [fill = 0]
                  00014f28    00000032     nettool_ipv4.aem4f : config.oem4f (.text:CfgGetImmediate)
                  00014f5a    00000032     stk.aem4f : route.oem4f (.text:RtDeRef)
                  00014f8c    00000032               : route.oem4f (.text:RtSetFailure)
                  00014fbe    00000032               : sb.oem4f (.text:SBFlush)
                  00014ff0    00000032               : sb.oem4f (.text:SBSetMax)
                  00015022    00000032               : sock.oem4f (.text:SockIntAbort)
                  00015054    00000032     nettool_ipv4.aem4f : config.oem4f (.text:_CfgAcquire)
                  00015086    00000032                        : dhcpsm.oem4f (.text:dhcpIPRemove)
                  000150b8    00000032     sysbios.aem4f : BIOS.obj (.text:ti_sysbios_hal_Hwi_initStack)
                  000150ea    00000006     driverlib.lib : emac.obj (.text:EMACTxDMADescriptorListSet)
                  000150f0    00000032     sysbios.aem4f : BIOS.obj (.text:ti_sysbios_knl_Event_pendTimeout__I)
                  00015122    00000006     driverlib.lib : gpio.obj (.text:GPIOIntClear)
                  00015128    00000032     sysbios.aem4f : BIOS.obj (.text:ti_sysbios_knl_Semaphore_pendTimeout__I)
                  0001515a    00000030     driverlib.lib : emac.obj (.text:EMACAddrSet)
                  0001518a    00000002     --HOLE-- [fill = 0]
                  0001518c    00000030     drivers_tivaware.aem4f : EMACSnow.oem4f (.text:EMACSnow_handlePackets)
                  000151bc    00000030                            : I2C.oem4f (.text:I2C_open)
                  000151ec    00000030     netctrl_min_ipv4.aem4f : netsrv.oem4f (.text:NS_PreBoot)
                  0001521c    00000030     stk.aem4f : sock.oem4f (.text:SockBind)
                  0001524c    00000030     rtsv7M4_T_le_v4SPD16_eabi.lib : snprintf.c.obj (.text:_outs)
                  0001527c    00000030     nettool_ipv4.aem4f : dhcpsock.oem4f (.text:dhcpPacketSend)
                  000152ac    00000030     stk.aem4f : listlib.oem4f (.text:list_remove_node)
                  000152dc    00000030     http_ndk.aem4f : httpcli.oem4f (.text:skipLine)
                  0001530c    00000030     httpget_pem4f.oem4f (.text:ti_sysbios_BIOS_atExitFunc__I)
                  0001533c    00000004     httpget_pem4f.oem4f (.text:ti_sysbios_knl_Task_delete)
                  00015340    00000030     sysbios.aem4f : BIOS.obj (.text:ti_sysbios_family_arm_lm4_Timer_stop__E)
                  00015370    00000030                   : BIOS.obj (.text:ti_sysbios_family_arm_m3_TaskSupport_start__E)
                  000153a0    00000030     httpget_pem4f.oem4f (.text:ti_sysbios_gates_GateHwi_Object__create__S)
                  000153d0    00000030     httpget_pem4f.oem4f (.text:ti_sysbios_gates_GateMutex_Object__create__S)
                  00015400    00000030     sysbios.aem4f : BIOS.obj (.text:ti_sysbios_gates_GateMutex_enter__E)
                  00015430    00000030     httpget_pem4f.oem4f (.text:ti_sysbios_heaps_HeapMem_Object__create__S)
                  00015460    00000030     httpget_pem4f.oem4f (.text:ti_sysbios_knl_Semaphore_construct)
                  00015490    00000030     ti.targets.arm.rtsarm.aem4f : SysMin.oem4f (.text:xdc_runtime_SysMin_abort__E)
                  000154c0    00000030                                 : System.oem4f (.text:xdc_runtime_System_processAtExit__E)
                  000154f0    0000002e     stk.aem4f : sb.oem4f (.text:SBFree)
                  0001551e    0000002e     httpget_pem4f.oem4f (.text:malloc)
                  0001554c    0000002e     rtsv7M4_T_le_v4SPD16_eabi.lib : i_tofd_t2.asm.obj (.text)
                  0001557a    0000002e                                   : strcasecmp.c.obj (.text:strcasecmp)
                  000155a8    0000002c     driverlib.lib : emac.obj (.text:EMACIntStatus)
                  000155d4    0000002c     stk.aem4f : file.oem4f (.text:FdSignalEvent)
                  00015600    0000002c               : igmp.oem4f (.text:IGMPTestGroup)
                  0001562c    0000002c     os.aem4f : task.oem4f (.text:NDK_hookCreate)
                  00015658    0000002c     stk.aem4f : nimu.oem4f (.text:NIMUAllocateIndex)
                  00015684    0000002c               : nimu.oem4f (.text:NIMUPacketServiceCheck)
                  000156b0    0000002c               : pipe.oem4f (.text:PipeClose)
                  000156dc    0000002c               : sockpcb.oem4f (.text:SockPcbAttach)
                  00015708    0000002c               : lli.oem4f (.text:_LLIExpListRemove)
                  00015734    0000002c               : lli.oem4f (.text:_LLITimeoutFlush)
                  00015760    0000002c               : rtable.oem4f (.text:_RtExpListRemove)
                  0001578c    0000002c     http_ndk.aem4f : httpcli.oem4f (.text:lookUpResponseFields)
                  000157b8    0000002c     rtsv7M4_T_le_v4SPD16_eabi.lib : strncmp.c.obj (.text:strncmp)
                  000157e4    0000002c     httpget_pem4f.oem4f (.text:ti_sysbios_knl_Clock_doTick__I)
                  00015810    0000002c     httpget_pem4f.oem4f (.text:ti_sysbios_knl_Queue_construct)
                  0001583c    00000004     ti.targets.arm.rtsarm.aem4f : Error.oem4f (.text:xdc_runtime_Error_getMsg__E)
                  00015840    0000002c     sysbios.aem4f : BIOS.obj (.text:ti_sysbios_knl_Task_restore__E)
                  0001586c    0000002c     ti.targets.arm.rtsarm.aem4f : Text.oem4f (.text:xdc_runtime_Text_cordText__E)
                  00015898    0000002a     driverlib.lib : gpio.obj (.text:GPIODirModeSet)
                  000158c2    0000002a     stk.aem4f : pbm.oem4f (.text:PBMQ_deq)
                  000158ec    0000002a     netctrl_min_ipv4.aem4f : netsrv.oem4f (.text:ServiceCallback)
                  00015916    0000002a     nettool_ipv4.aem4f : config.oem4f (.text:_CfgRelease)
                  00015940    0000002a                        : inetaddr.oem4f (.text:mergeLists)
                  0001596a    0000002a     ti.targets.arm.rtsarm.aem4f : System.oem4f (.text:xdc_runtime_System_putchar__I)
                  00015994    00000028     stk.aem4f : bind.oem4f (.text:BindFindByNet)
                  000159bc    00000028               : lli.oem4f (.text:LLIFree)
                  000159e4    00000028     netctrl_min_ipv4.aem4f : netctrl.oem4f (.text:NC_SystemClose)
                  00015a0c    00000028     stk.aem4f : nimu.oem4f (.text:NIMUCreatePacket)
                  00015a34    00000028               : nimu.oem4f (.text:NIMUPacketService)
                  00015a5c    00000028               : tcpin.oem4f (.text:TcpEnterTimeWait)
                  00015a84    00000028               : timer.oem4f (.text:TimerListRemove)
                  00015aac    00000028               : vlan.oem4f (.text:VLANFindSourceInterface)
                  00015ad4    00000028               : vlan.oem4f (.text:VLANInit)
                  00015afc    00000028     nettool_ipv4.aem4f : dhcpsock.oem4f (.text:dhcpPacketReceive)
                  00015b24    00000028     drivers_tivaware.aem4f : EMACSnow.oem4f (.text:signalLinkChange)
                  00015b4c    00000028     rtsv7M4_T_le_v4SPD16_eabi.lib : e_sqrtf.c.obj (.text:sqrtf)
                  00015b74    00000004     ti.targets.arm.rtsarm.aem4f : Error.oem4f (.text:xdc_runtime_Error_getSite__E)
                  00015b78    00000028     sysbios.aem4f : BIOS.obj (.text:ti_sysbios_knl_Clock_addI__E)
                  00015ba0    00000028                   : BIOS.obj (.text:ti_sysbios_knl_Swi_Module_startup__E)
                  00015bc8    00000026     nettool_ipv4.aem4f : config.oem4f (.text:CfgEntryInfo)
                  00015bee    00000026     driverlib.lib : emac.obj (.text:EMACPHYRead)
                  00015c14    00000026                   : emac.obj (.text:EMACPHYWrite)
                  00015c3a    00000026     stk.aem4f : rawethsock.oem4f (.text:RawEthSockClose)
                  00015c60    00000026     sysbios.aem4f : m3_Hwi_asm.obj (.text:ti_sysbios_family_arm_m3_Hwi_pendSV__I)
                  00015c86    00000026     ti.targets.arm.rtsarm.aem4f : System.oem4f (.text:xdc_runtime_System_avprintf__E)
                  00015cac    00000024     stk.aem4f : bind.oem4f (.text:BindFindByHost)
                  00015cd0    00000024               : bind.oem4f (.text:BindGetIFByDBCast)
                  00015cf4    00000024     drivers_tivaware.aem4f : EMACSnow.oem4f (.text:EMACSnow_pkt_service)
                  00015d18    00000024                            : EMACSnow.oem4f (.text:EMACSnow_primeRx)
                  00015d3c    00000024     stk.aem4f : exec.oem4f (.text:ExecTimer)
                  00015d60    00000024     http_ndk.aem4f : httpcli.oem4f (.text:HTTPCli_disconnect)
                  00015d84    00000024     stk.aem4f : nimu.oem4f (.text:NIMUFindByIndex)
                  00015da8    00000024               : rtc.oem4f (.text:RTCAddHook)
                  00015dcc    00000024               : rawethsock_pcb.oem4f (.text:RawEthSockPcbFind)
                  00015df0    00000024               : route.oem4f (.text:RtFree)
                  00015e14    00000024               : route.oem4f (.text:RtSetTimeout)
                  00015e38    00000024               : sockpcb.oem4f (.text:SockPcbCleanup)
                  00015e5c    00000024               : tcptime.oem4f (.text:TcpTimeoutWait2)
                  00015e80    00000024     nettool_ipv4.aem4f : config.oem4f (.text:_CfgEntryProcess)
                  00015ea4    00000024     http_ndk.aem4f : httpcli.oem4f (.text:getRequestFieldValue)
                  00015ec8    00000024     httpget_pem4f.oem4f (.text:ti_sysbios_BIOS_errorRaiseHook__I)
                  00015eec    00000024     httpget_pem4f.oem4f (.text:ti_sysbios_BIOS_registerRTSLock__I)
                  00015f10    00000024     httpget_pem4f.oem4f (.text:ti_sysbios_BIOS_removeRTSLock__I)
                  00015f34    00000024     httpget_pem4f.oem4f (.text:ti_sysbios_BIOS_startFunc__I)
                  00015f58    00000024     httpget_pem4f.oem4f (.text:ti_sysbios_gates_GateMutex_Object__delete__S)
                  00015f7c    00000004     httpget_pem4f.oem4f (.text:xdc_runtime_System_Module_GateProxy_enter__E)
                  00015f80    00000024     sysbios.aem4f : BIOS.obj (.text:ti_sysbios_knl_Clock_Module_startup__E)
                  00015fa4    00000004     httpget_pem4f.oem4f (.text:xdc_runtime_System_Module_GateProxy_leave__E)
                  00015fa8    00000024     sysbios.aem4f : BIOS.obj (.text:ti_sysbios_knl_Semaphore_Instance_init__E)
                  00015fcc    00000024     httpget_pem4f.oem4f (.text:ti_sysbios_knl_Semaphore_Object__delete__S)
                  00015ff0    00000024     sysbios.aem4f : BIOS.obj (.text:ti_sysbios_knl_Task_restoreHwi__E)
                  00016014    00000024     ti.targets.arm.rtsarm.aem4f : System.oem4f (.text:xdc_runtime_System_vprintf__E)
                  00016038    00000022     nettool_ipv4.aem4f : config.oem4f (.text:CfgEntryRef)
                  0001605a    00000022     stk.aem4f : vlan.oem4f (.text:VLANFindNode)
                  0001607c    00000004     ti.targets.arm.rtsarm.aem4f : System.oem4f (.text:xdc_runtime_System_aprintf_va__F)
                  00016080    00000022     sysbios.aem4f : BIOS.obj (.text:ti_sysbios_family_arm_lm4_Timer_write__I)
                  000160a2    00000022     httpget_pem4f.oem4f (.text:xdc_runtime_SysMin_output__I)
                  000160c4    00000020     netctrl_min_ipv4.aem4f : netctrl.oem4f (.text:NC_BootComplete)
                  000160e4    00000020     stk.aem4f : nimu.oem4f (.text:NIMUGetNumOfObject)
                  00016104    00000020               : rtc.oem4f (.text:RTCRemoveHook)
                  00016124    00000020               : tcp.oem4f (.text:TcpTimeoutRemove)
                  00016144    00000020     Boot.aem4f : Boot_sysctl.oem4f (.text:_SysCtlMemTimingGet)
                  00016164    00000020     httpget_pem4f.oem4f (.text:ti_sysbios_BIOS_rtsLock__I)
                  00016184    00000020     httpget_pem4f.oem4f (.text:ti_sysbios_family_arm_m3_Hwi_Object__delete__S)
                  000161a4    00000020     sysbios.aem4f : m3_Hwi_asm.obj (.text:ti_sysbios_family_arm_m3_Hwi_excHandlerAsm__I)
                  000161c4    00000004     ti.targets.arm.rtsarm.aem4f : System.oem4f (.text:xdc_runtime_System_printf_va__F)
                  000161c8    00000020     sysbios.aem4f : BIOS.obj (.text:ti_sysbios_family_arm_m3_Hwi_excHandler__I)
                  000161e8    00000020     httpget_pem4f.oem4f (.text:ti_sysbios_gates_GateHwi_Object__delete__S)
                  00016208    00000020     httpget_pem4f.oem4f (.text:ti_sysbios_heaps_HeapMem_Object__delete__S)
                  00016228    00000020     sysbios.aem4f : BIOS.obj (.text:ti_sysbios_knl_Idle_run__E)
                  00016248    00000020     httpget_pem4f.oem4f (.text:ti_sysbios_knl_Semaphore_Object__destruct__S)
                  00016268    00000020     httpget_pem4f.oem4f (.text:ti_sysbios_knl_Swi_Object__delete__S)
                  00016288    00000020     httpget_pem4f.oem4f (.text:ti_sysbios_knl_Task_Object__delete__S)
                  000162a8    00000020     ti.targets.arm.rtsarm.aem4f : Registry.oem4f (.text:xdc_runtime_Registry_findById__E)
                  000162c8    00000020                                 : SysMin.oem4f (.text:xdc_runtime_SysMin_Module_startup__E)
                  000162e8    0000001e     stk.aem4f : fileuser.oem4f (.text:fdError)
                  00016306    0000001e               : listlib.oem4f (.text:list_remove)
                  00016324    0000001e     httpget.obj (.text:send)
                  00016342    0000001e     rtsv7M4_T_le_v4SPD16_eabi.lib : strcat.c.obj (.text:strcat)
                  00016360    0000001e     sysbios.aem4f : m3_Hwi_asm_switch.obj (.text:ti_sysbios_family_xxx_Hwi_switchAndRunFunc)
                  0001637e    00000002     --HOLE-- [fill = 0]
                  00016380    0000001c     stk.aem4f : bind.oem4f (.text:BindFindByIF)
                  0001639c    0000001c               : exec.oem4f (.text:ExecBroadcast)
                  000163b8    0000001c     os.aem4f : ossys.oem4f (.text:NDK_sprintf)
                  000163d4    0000001c     stk.aem4f : nimu.oem4f (.text:NIMUAddHeader)
                  000163f0    0000001c               : sockprot.oem4f (.text:SockPrDetach)
                  0001640c    0000001c     network_ndk.aem4f : ssock.oem4f (.text:Ssock_destruct)
                  00016428    0000001c     os.aem4f : task.oem4f (.text:TaskDestroy)
                  00016444    0000001c     drivers_tivaware.aem4f : GPIOTiva.oem4f (.text:getGpioIntIndex)
                  00016460    0000001c     rtsv7M4_T_le_v4SPD16_eabi.lib : memccpy.c.obj (.text:memccpy)
                  0001647c    0000001c     httpget_pem4f.oem4f (.text:ti_ndk_config_global_taskCreateHook)
                  00016498    0000001c     httpget_pem4f.oem4f (.text:ti_sysbios_family_arm_m3_Hwi_Object__destruct__S)
                  000164b4    00000004     --HOLE-- [fill = 0]
                  000164b8    0000001c     sysbios.aem4f : BIOS.obj (.text:ti_sysbios_gates_GateMutex_Instance_init__E)
                  000164d4    0000001c     httpget_pem4f.oem4f (.text:ti_sysbios_knl_Queue_Object__destruct__S)
                  000164f0    0000001c     sysbios.aem4f : BIOS.obj (.text:ti_sysbios_knl_Queue_put__E)
                  0001650c    00000004     --HOLE-- [fill = 0]
                  00016510    0000001c                   : BIOS.obj (.text:ti_sysbios_knl_Task_enter__I)
                  0001652c    0000001c     ti.targets.arm.rtsarm.aem4f : Error.oem4f (.text:xdc_runtime_Error_raiseX__E)
                  00016548    0000001c                                 : Memory.oem4f (.text:xdc_runtime_Memory_valloc__E)
                  00016564    0000001c                                 : SysMin.oem4f (.text:xdc_runtime_SysMin_exit__E)
                  00016580    0000001c                                 : System.oem4f (.text:xdc_runtime_System_abort__E)
                  0001659c    0000001a     stk.aem4f : bind.oem4f (.text:BindGetIP)
                  000165b6    0000001a               : sockint.oem4f (.text:SockSetOOBMark)
                  000165d0    0000001a     rtsv7M4_T_le_v4SPD16_eabi.lib : s_copysign.c.obj (.text:copysign)
                  000165ea    0000001a     stk.aem4f : file.oem4f (.text:fdint_getfdt)
                  00016604    0000001a     httpget_pem4f.oem4f (.text:free)
                  0001661e    0000001a     httpget_pem4f.oem4f (.text:ti_sysbios_family_arm_m3_Hwi_Handle__label__S)
                  00016638    0000001a     httpget_pem4f.oem4f (.text:ti_sysbios_gates_GateHwi_Handle__label__S)
                  00016652    0000001a     httpget_pem4f.oem4f (.text:ti_sysbios_gates_GateMutex_Handle__label__S)
                  0001666c    0000001a     httpget_pem4f.oem4f (.text:ti_sysbios_heaps_HeapMem_Handle__label__S)
                  00016686    0000001a     httpget_pem4f.oem4f (.text:ti_sysbios_knl_Swi_Handle__label__S)
                  000166a0    0000001a     httpget_pem4f.oem4f (.text:ti_sysbios_knl_Task_Handle__label__S)
                  000166ba    00000006     driverlib.lib : gpio.obj (.text:GPIOPinWrite)
                  000166c0    0000001a     sysbios.aem4f : BIOS.obj (.text:ti_sysbios_knl_Task_sleepTimeout__I)
                  000166da    0000001a     httpget_pem4f.oem4f (.text:xdc_runtime_System_aprintf__E)
                  000166f4    0000001a     httpget_pem4f.oem4f (.text:xdc_runtime_System_printf__E)
                  0001670e    00000002     --HOLE-- [fill = 0]
                  00016710    00000018     drivers_tivaware.aem4f : EMACSnow.oem4f (.text:EMACSnow_emacSend)
                  00016728    00000018     stk.aem4f : ip.oem4f (.text:IPRtChange)
                  00016740    00000018               : rawethsock_pcb.oem4f (.text:RawEthSockPcbCleanup)
                  00016758    00000018     nettool_ipv4.aem4f : ipaddr.oem4f (.text:RouteHook)
                  00016770    00000018     stk.aem4f : tcpin.oem4f (.text:SEQ_GEQ)
                  00016788    00000018               : tcpout.oem4f (.text:SEQ_GEQ)
                  000167a0    00000018               : tcpin.oem4f (.text:SEQ_GT)
                  000167b8    00000018               : tcpout.oem4f (.text:SEQ_GT)
                  000167d0    00000018               : tcpin.oem4f (.text:SEQ_LEQ)
                  000167e8    00000018               : tcpout.oem4f (.text:SEQ_LEQ)
                  00016800    00000018               : tcpin.oem4f (.text:SEQ_LT)
                  00016818    00000018               : tcpout.oem4f (.text:SEQ_LT)
                  00016830    00000018               : tcp.oem4f (.text:TcpTimeoutAdd)
                  00016848    00000018     rtsv7M4_T_le_v4SPD16_eabi.lib : args_main.c.obj (.text:_args_main)
                  00016860    00000018                                   : snprintf.c.obj (.text:_outc)
                  00016878    00000018                                   : s_copysignf.c.obj (.text:copysignf)
                  00016890    00000018     nettool_ipv4.aem4f : dhcpsock.oem4f (.text:dhcpSocketClose)
                  000168a8    00000018                        : inetaddr.oem4f (.text:freeaddrinfo)
                  000168c0    00000018     stk.aem4f : listlib.oem4f (.text:list_add)
                  000168d8    00000018     rtsv7M4_T_le_v4SPD16_eabi.lib : strcmp.c.obj (.text:strcmp)
                  000168f0    00000018     httpget_pem4f.oem4f (.text:ti_sysbios_BIOS_rtsUnlock__I)
                  00016908    00000018     httpget_pem4f.oem4f (.text:ti_sysbios_family_arm_lm4_Timer_Module__startupDone__F)
                  00016920    00000018     httpget_pem4f.oem4f (.text:ti_sysbios_family_arm_m3_Hwi_Module__startupDone__F)
                  00016938    00000018     sysbios.aem4f : m3_TaskSupport_asm.obj (.text:ti_sysbios_family_arm_m3_TaskSupport_swap__E)
                  00016950    00000018                   : BIOS.obj (.text:ti_sysbios_gates_GateMutex_leave__E)
                  00016968    00000018     ti.targets.arm.rtsarm.aem4f : Error.oem4f (.text:xdc_runtime_Error_check__E)
                  00016980    00000018                                 : System.oem4f (.text:xdc_runtime_System_exit__E)
                  00016998    00000018                                 : Text.oem4f (.text:xdc_runtime_Text_ropeText__E)
                  000169b0    00000016     driverlib.lib : emac.obj (.text:EMACReset)
                  000169c6    00000016                   : emac.obj (.text:EMACRxEnable)
                  000169dc    00000016                   : emac.obj (.text:EMACTxEnable)
                  000169f2    00000016     http_ndk.aem4f : httpcli.oem4f (.text:HTTPCli_destruct)
                  00016a08    00000016                    : httpcli.oem4f (.text:HTTPCli_readRawResponseBody)
                  00016a1e    00000016     driverlib.lib : i2c.obj (.text:I2CMasterErr)
                  00016a34    00000016     stk.aem4f : file.oem4f (.text:fdint_freefdt)
                  00016a4a    00000016     rtsv7M4_T_le_v4SPD16_eabi.lib : strchr.c.obj (.text:strchr)
                  00016a60    00000016     httpget_pem4f.oem4f (.text:ti_sysbios_BIOS_exitFunc__I)
                  00016a76    00000016     httpget.obj (.text:ti_sysbios_knl_Task_Params_init)
                  00016a8c    00000016     ti.targets.arm.rtsarm.aem4f : System.oem4f (.text:xdc_runtime_System_vsprintf__E)
                  00016aa2    00000014     stk.aem4f : bind.oem4f (.text:BindIPHost2IF)
                  00016ab6    00000002     --HOLE-- [fill = 0]
                  00016ab8    00000014     driverlib.lib : flash.obj (.text:FlashUserGet)
                  00016acc    00000014     http_ndk.aem4f : httpcli.oem4f (.text:HTTPCli_getResponseStatus)
                  00016ae0    00000014     netctrl_min_ipv4.aem4f : netctrl.oem4f (.text:NC_NetStop)
                  00016af4    00000014     os.aem4f : task.oem4f (.text:NDK_hookExit)
                  00016b08    00000014     stk.aem4f : nimu.oem4f (.text:NIMUSendPacket)
                  00016b1c    00000014     nettool_ipv4.aem4f : ipaddr.oem4f (.text:NtRemoveNetwork)
                  00016b30    00000014     stk.aem4f : rawethsock_pcb.oem4f (.text:RawEthSockPcbInit)
                  00016b44    00000014     network_ndk.aem4f : ssock.oem4f (.text:Ssock_construct)
                  00016b58    00000014     stk.aem4f : timer.oem4f (.text:TimerFree)
                  00016b6c    00000014     httpget.obj (.text:connect)
                  00016b80    00000014     httpget.obj (.text:socket)
                  00016b94    00000014     rtsv7M4_T_le_v4SPD16_eabi.lib : strcpy.c.obj (.text:strcpy)
                  00016ba8    00000014                                   : strlen.c.obj (.text:strlen)
                  00016bbc    00000014     httpget_pem4f.oem4f (.text:ti_ndk_config_global_taskExitHook)
                  00016bd0    00000014     httpget_pem4f.oem4f (.text:ti_sysbios_family_arm_m3_Hwi_Object__get__S)
                  00016be4    00000004     --HOLE-- [fill = 0]
                  00016be8    00000014     sysbios.aem4f : BIOS.obj (.text:ti_sysbios_family_arm_m3_Hwi_switchFromBootStack__E)
                  00016bfc    00000014     httpget_pem4f.oem4f (.text:ti_sysbios_heaps_HeapMem_Object__get__S)
                  00016c10    00000014     httpget_pem4f.oem4f (.text:ti_sysbios_knl_Swi_Object__get__S)
                  00016c24    00000014     httpget_pem4f.oem4f (.text:ti_sysbios_knl_Task_Object__first__S)
                  00016c38    00000014     httpget_pem4f.oem4f (.text:ti_sysbios_knl_Task_Object__next__S)
                  00016c4c    00000012     driverlib.lib : gpio.obj (.text:GPIOPinTypeEthernetLED)
                  00016c5e    00000012                   : gpio.obj (.text:GPIOPinTypeI2C)
                  00016c70    00000012                   : gpio.obj (.text:GPIOPinTypeI2CSCL)
                  00016c82    00000012     stk.aem4f : sockprot.oem4f (.text:SockPrAttach)
                  00016c94    00000012               : sockint.oem4f (.text:SockSetOOBData)
                  00016ca6    00000012     nettool_ipv4.aem4f : inetaddr.oem4f (.text:inet_addr)
                  00016cb8    00000012     sysbios.aem4f : BIOS.obj (.text:ti_sysbios_hal_Hwi_Module_startup__E)
                  00016cca    00000006     driverlib.lib : i2c.obj (.text:I2CMasterIntDisable)
                  00016cd0    00000012     sysbios.aem4f : BIOS.obj (.text:ti_sysbios_knl_Semaphore_reset__E)
                  00016ce2    00000012     rtsv7M4_T_le_v4SPD16_eabi.lib : wcslen.c.obj (.text:wcslen)
                  00016cf4    00000012     httpget_pem4f.oem4f (.text:xdc_runtime_Startup_exec__I)
                  00016d06    00000002     --HOLE-- [fill = 0]
[...]
00019ada  xdc_runtime_Core_Module__id__C                                       
00019adc  xdc_runtime_Error_Module__loggerDefined__C                           
00019ade  xdc_runtime_Error_maxDepth__C                                        
00019ae0  xdc_runtime_Memory_Module__id__C                                     
00019ae2  xdc_runtime_SysMin_flushAtExit__C                                    
00019ae4  xdc_runtime_Text_charCnt__C                                          
00019ae6  xdc_runtime_Text_isLoaded__C                                         
00019ae8  xdc_runtime_Text_registryModsLastId__C                               
00019aea  xdc_runtime_Text_unnamedModsLastId__C                                
00019aec  xdc_runtime_Error_policy__C                                          
00019af0  __TI_static_base__                                                   
00019fb8  __TI_Handler_Table_Base                                              
00019fc4  __TI_Handler_Table_Limit                                             
00019fd8  __TI_CINIT_Base                                                      
00019ff0  __TI_CINIT_Limit                                                     
20000000  ti_sysbios_family_arm_m3_Hwi_ramVectors                              
20000380  ti_sysbios_heaps_HeapMem_Instance_State_0_buf__A                     
20005380  ti_ndk_config_Global_pit                                             
20005428  ti_ndk_config_Global_pitBuffer                                       
20009c28  _ICMPIn                                                              
20009c80  ti_ndk_config_Global_pBufMem                                         
2000d880  ti_ndk_config_Global_pHdrMem                                         
2000db78  ti_sysbios_knl_Task_Instance_State_0_stack__A                        
2000e378  ti_sysbios_knl_Task_Instance_State_1_stack__A                        
2000e978  ti_sysbios_knl_Task_Instance_State_2_stack__A                        
2000eb78  ti_sysbios_family_arm_m3_Hwi_dispatchTable                           
2000eed8  __CIOBUF_                                                            
2000f0f8  i2cTivaObjects                                                       
2000f1f8  tcps                                                                 
2000f514  xdc_runtime_SysMin_Module_State_0_outbuf__A                          
2000f594  socketDataOpenweather                                                
2000f60c  socketDataSensor                                                     
2000f684  socketDataWeatherbit                                                 
2000f6fc  ips                                                                  
2000f764  nimu_mcb                                                             
2000f7c8  _ICMPOut                                                             
2000f854  vlan_mcb                                                             
2000f8a0  udps                                                                 
2000f8c4  rxBuffer                                                             
2000f8e4  BlockCount                                                           
2000f900  BlockMax                                                             
2000f91c  PageCount                                                            
2000f938  PageMax                                                              
2000f954  i2cTransaction                                                       
2000f970  stkEvent                                                             
2000f99c  pres_sensor                                                          
2000f9b0  press_openweather                                                    
2000f9c4  press_weatherbit                                                     
2000f9d8  presstr                                                              
2000f9ec  temp_openweather                                                     
2000fa00  temp_sensor                                                          
2000fa14  temp_weatherbit                                                      
2000fa28  tempstr                                                              
2000fa3c  i2cParams                                                            
2000fa5c  raweths                                                              
2000fa6c  raws                                                                 
2000fa7c  PBMQ_free                                                            
2000fa88  tpseudo                                                              
2000fa94  upseudo                                                              
2000faa0  emacObjects                                                          
2000faa8  parmbuf                                                              
2000fab0  B3                                                                   
2000fab4  B4                                                                   
2000fab8  B5t                                                                  
2000fabc  B6                                                                   
2000fac0  B7                                                                   
2000fae8  UP                                                                   
2000faec  UT                                                                   
2000faf0  X1p                                                                  
2000faf4  X1t                                                                  
2000faf8  X2p                                                                  
2000fafc  X2t                                                                  
2000fb00  X3p                                                                  
2000fb04  _IGMPInDiscard                                                       
2000fb08  _IGMPInQuery                                                         
2000fb0c  _IGMPInQueryGroup                                                    
2000fb10  _IGMPInResponse                                                      
2000fb14  _IGMPOutResponse                                                     
2000fb18  g_ulStatus                                                           
2000fb2c  i2c                                                                  
2000fb30  raweth_pcb                                                           
2000fb34  semaphore_clock                                                      
2000fb38  semaphore_http                                                       
2000fb3c  ti_sysbios_knl_Task_Instance_State_0_hookEnv__A                      
2000fb40  ti_sysbios_knl_Task_Instance_State_1_hookEnv__A                      
2000fb44  ti_sysbios_knl_Task_Instance_State_2_hookEnv__A                      
2000fb48  txBuffer                                                             
2000fb4c  AC1                                                                  
2000fb4e  AC2                                                                  
2000fb50  AC3                                                                  
2000fb52  AC4                                                                  
2000fb54  AC5                                                                  
2000fb56  AC6                                                                  
2000fb58  B1                                                                   
2000fb5a  B2                                                                   
2000fb5c  MB                                                                   
2000fb5e  MC                                                                   
2000fb60  MD                                                                   
2000fb64  HTTPStd_VER                                                          
2000fb68  HTTPStd_GET                                                          
2000fb6c  HTTPStd_POST                                                         
2000fb70  HTTPStd_HEAD                                                         
2000fb74  HTTPStd_OPTIONS                                                      
2000fb78  HTTPStd_PUT                                                          
2000fb7c  HTTPStd_DELETE                                                       
2000fb80  HTTPStd_CONNECT                                                      
2000fb84  HTTPStd_PATCH                                                        
2000fb88  HTTPStd_CONTENT_TYPE_APPLET                                          
2000fb8c  HTTPStd_CONTENT_TYPE_AU                                              
2000fb90  HTTPStd_CONTENT_TYPE_CSS                                             
2000fb94  HTTPStd_CONTENT_TYPE_DOC                                             
2000fb98  HTTPStd_CONTENT_TYPE_GIF                                             
2000fb9c  HTTPStd_CONTENT_TYPE_HTML                                            
2000fba0  HTTPStd_CONTENT_TYPE_JPG                                             
2000fba4  HTTPStd_CONTENT_TYPE_MPEG                                            
2000fba8  HTTPStd_CONTENT_TYPE_PDF                                             
2000fbac  HTTPStd_CONTENT_TYPE_WAV                                             
2000fbb0  HTTPStd_CONTENT_TYPE_ZIP                                             
2000fbb4  HTTPStd_CONTENT_TYPE_PLAIN                                           
2000fbb8  HTTPStd_FIELD_NAME_ACCEPT                                            
2000fbbc  HTTPStd_FIELD_NAME_ACCEPT_CHARSET                                    
2000fbc0  HTTPStd_FIELD_NAME_ACCEPT_ENCODING                                   
2000fbc4  HTTPStd_FIELD_NAME_ACCEPT_LANGUAGE                                   
2000fbc8  HTTPStd_FIELD_NAME_ACCEPT_RANGES                                     
2000fbcc  HTTPStd_FIELD_NAME_AGE                                               
2000fbd0  HTTPStd_FIELD_NAME_ALLOW                                             
2000fbd4  HTTPStd_FIELD_NAME_AUTHORIZATION                                     
2000fbd8  HTTPStd_FIELD_NAME_CACHE_CONTROL                                     
2000fbdc  HTTPStd_FIELD_NAME_CONNECTION                                        
2000fbe0  HTTPStd_FIELD_NAME_CONTENT_ENCODING                                  
2000fbe4  HTTPStd_FIELD_NAME_CONTENT_LANGUAGE                                  
2000fbe8  HTTPStd_FIELD_NAME_CONTENT_LENGTH                                    
2000fbec  HTTPStd_FIELD_NAME_CONTENT_LOCATION                                  
2000fbf0  HTTPStd_FIELD_NAME_CONTENT_MD5                                       
2000fbf4  HTTPStd_FIELD_NAME_CONTENT_RANGE                                     
2000fbf8  HTTPStd_FIELD_NAME_CONTENT_TYPE                                      
2000fbfc  HTTPStd_FIELD_NAME_COOKIE                                            
2000fc00  HTTPStd_FIELD_NAME_DATE                                              
2000fc04  HTTPStd_FIELD_NAME_ETAG                                              
2000fc08  HTTPStd_FIELD_NAME_EXPECT                                            
2000fc0c  HTTPStd_FIELD_NAME_EXPIRES                                           
2000fc10  HTTPStd_FIELD_NAME_FROM                                              
2000fc14  HTTPStd_FIELD_NAME_HOST                                              
2000fc18  HTTPStd_FIELD_NAME_IF_MATCH                                          
2000fc1c  HTTPStd_FIELD_NAME_IF_MODIFIED_SINCE                                 
2000fc20  HTTPStd_FIELD_NAME_IF_NONE_MATCH                                     
2000fc24  HTTPStd_FIELD_NAME_IF_RANGE                                          
2000fc28  HTTPStd_FIELD_NAME_IF_UNMODIFIED_SINCE                               
2000fc2c  HTTPStd_FIELD_NAME_LAST_MODIFIED                                     
2000fc30  HTTPStd_FIELD_NAME_LOCATION                                          
2000fc34  HTTPStd_FIELD_NAME_MAX_FORWARDS                                      
2000fc38  HTTPStd_FIELD_NAME_ORIGIN                                            
2000fc3c  HTTPStd_FIELD_NAME_PRAGMA                                            
2000fc40  HTTPStd_FIELD_NAME_PROXY_AUTHENTICATE                                
2000fc44  HTTPStd_FIELD_NAME_PROXY_AUTHORIZATION                               
2000fc48  HTTPStd_FIELD_NAME_RANGE                                             
2000fc4c  HTTPStd_FIELD_NAME_REFERER                                           
2000fc50  HTTPStd_FIELD_NAME_RETRY_AFTER                                       
2000fc54  HTTPStd_FIELD_NAME_SERVER                                            
2000fc58  HTTPStd_FIELD_NAME_TE                                                
2000fc5c  HTTPStd_FIELD_NAME_TRAILER                                           
2000fc60  HTTPStd_FIELD_NAME_TRANSFER_ENCODING                                 
2000fc64  HTTPStd_FIELD_NAME_UPGRADE                                           
2000fc68  HTTPStd_FIELD_NAME_USER_AGENT                                        
2000fc6c  HTTPStd_FIELD_NAME_VARY                                              
2000fc70  HTTPStd_FIELD_NAME_VIA                                               
2000fc74  HTTPStd_FIELD_NAME_WWW_AUTHENTICATE                                  
2000fc78  HTTPStd_FIELD_NAME_WARNING                                           
2000fc7c  HTTPStd_FIELD_NAME_X_FORWARDED_FOR                                   
2000fc80  ti_sysbios_knl_Task_Object__table__V                                 
2000fd64  _ipcfg                                                               
2000fe18  ti_sysbios_knl_Swi_Module_State_0_readyQ__A                          
2000fe98  ti_sysbios_knl_Task_Module_State_0_readyQ__A                         
2000ff68  ti_sysbios_knl_Task_Module__state__V                                 
2001002c  ti_sysbios_family_arm_lm4_Timer_Module_State_0_device__A             
2001006c  ti_sysbios_family_arm_lm4_Timer_Object__table__V                     
200100ac  ti_sysbios_gates_GateMutex_Object__table__V                          
20010118  ti_sysbios_family_arm_m3_Hwi_Module__state__V                        
2001014c  enablePrefetch                                                       
20010150  phyCounter                                                           
2001017e  ti_sysbios_family_arm_m3_Hwi_Module_State_0_excActive__A             
200101b0  ti_sysbios_knl_Swi_Object__table__V                                  
200101e0  ti_sysbios_knl_Clock_Module__state__V                                
2001020c  pstrMsgName                                                          
20010234  _oscfg                                                               
20010258  PITCount                                                             
2001025c  PITUsed                                                              
20010260  PITHigh                                                              
2001027c  ti_sysbios_BIOS_Module__state__V                                     
200102a0  ti_sysbios_family_arm_lm4_Timer_Module_State_0_handles__A            
200102c0  ti_sysbios_knl_Clock_Object__table__V                                
200102fc  ti_ndk_config_Global_Id2Size                                         
20010318  ti_sysbios_knl_Swi_Module__state__V                                  
2001037c  ti_sysbios_family_arm_m3_Hwi_Object__table__V                        
20010394  ti_sysbios_heaps_HeapMem_Object__table__V                            
200103e8  ti_sysbios_knl_Semaphore_Object__table__V                            
200103fc  gpioPinConfigs                                                       
20010424  _IGMPForceVersion1                                                   
2001042c  ti_sysbios_family_arm_lm4_Timer_Module__state__V                     
20010438  ti_sysbios_knl_Event_Object__table__V                                
20010444  xdc_runtime_SysMin_Module__state__V                                  
2001045c  _lock                                                                
20010460  _unlock                                                              
20010464  NIMUDeviceTable                                                      
2001046c  gpioCallbackFunctions                                                
20010474  ti_ndk_config_Global_HostName                                        
20010478  __xdc__init__addr                                                    
2001048c  _ICMPInErrors                                                        
20010490  _ICMPOutErrors                                                       
20010494  _IPExecuting                                                         
200104ac  tcp_iss                                                              
200104b0  ptTimeFirst                                                          
200104bc  ti_sysbios_family_arm_m3_Hwi_Module__root__V                         
200104c4  ti_sysbios_gates_GateHwi_Module__root__V                             
200104cc  ti_sysbios_gates_GateMutex_Module__root__V                           
200104d4  ti_sysbios_heaps_HeapMem_Module__root__V                             
200104dc  ti_sysbios_knl_Clock_Module__root__V                                 
200104e4  ti_sysbios_knl_Queue_Module__root__V                                 
200104ec  ti_sysbios_knl_Semaphore_Module__root__V                             
200104f4  ti_sysbios_knl_Swi_Module__root__V                                   
200104fc  ti_sysbios_knl_Task_Module__root__V                                  
20010504  xdc_runtime_Registry_Module__state__V                                
2001050c  xdc_runtime_Startup_Module__state__V                                 
20010514  xdc_runtime_System_Module_State_0_atexitHandlers__A                  
2001051c  xdc_runtime_System_Module__state__V                                  
20010524  macAddress                                                           
20010536  xdc_runtime_Error_Module__state__V                                   
20010548  errno                                                                
2001054c  main_func_sp                                                         
20010554  _IPReasmPtr                                                          
20010564  ti_sysbios_family_arm_m3_Hwi_Module_State_0_excContext__A            
20010568  ti_sysbios_family_arm_m3_Hwi_Module_State_0_excStack__A              
2001056c  ti_sysbios_gates_GateHwi_Object__table__V                            
20010570  ti_sysbios_knl_Task_Module_State_0_idleTask__A                       
20010574  xdc_runtime_Memory_Module__state__V                                  
20010578  __stack                                                              
20010d78  __STACK_END                                                          
e000e000  ti_sysbios_family_arm_m3_Hwi_nvic                                    
ffffffff  __TI_pprof_out_hndl                                                  
ffffffff  __TI_prof_data_size                                                  
ffffffff  __TI_prof_data_start                                                 
ffffffff  __binit__                                                            
ffffffff  __c_args__                                                           
ffffffff  binit                                                                
UNDEFED   SHT$$INIT_ARRAY$$Base                                                
UNDEFED   SHT$$INIT_ARRAY$$Limit                                               

[1213 symbols]
